[student@workstation ~]$ ls -l
total 68844
drwxr-xr-x.  2 student student        6 Aug 30 11:18 Desktop
drwxr-xr-x.  4 student student       35 Oct  3 20:29 DO288
drwxrwxr-x. 35 student student     4096 Oct  5 22:02 DO288-apps
-rw-rw-r--.  1 student student     1749 Oct  5 18:46 DO288-labsolutions-app-config.zip
-rw-rw-r--.  1 student student     4280 Oct  4 19:03 DO288-labsolutions-build-template.zip
-rw-rw-r--.  1 student student     2297 Oct  4 21:39 DO288-labsolutions-container-build.zip
-rw-rw-r--.  1 student student     1865 Oct  5 19:10 DO288-labsolutions-design-container.zip
-rw-rw-r--.  1 student student 70190266 Oct  5 20:36 DO288-labsolutions-external-registry.zip
-rw-rw-r--.  1 student student     1628 Oct  4 19:16 DO288-lab-solutions-source-build.zip
drwxr-xr-x.  2 student student        6 Aug 30 11:18 Documents
drwxr-xr-x.  2 student student        6 Sep 13 13:33 Downloads
drwxr-xr-x.  2 student student      193 Sep 16 14:49 grading_master
-rw-rw-r--.  1 student student     4988 Oct  5 21:29 images-is.txt
drwxr-xr-x.  2 student student        6 Aug 30 11:18 Music
drwxr-xr-x.  2 student student        6 Aug 30 11:18 Pictures
drwxr-xr-x.  2 student student        6 Aug 30 11:18 Public
drwxr-xr-x.  2 student student        6 Aug 30 11:18 Templates
-rw-r--r--.  1 student student    24078 Oct  5 18:46 terminal-lab-app-config-05oct22.txt
-rw-r--r--.  1 student student    71688 Oct  4 19:04 terminal-lab-build-template-04oct22.txt
-rw-r--r--.  1 student student    35344 Oct  4 21:38 terminal-lab-container-build-04oct22.txt
-rw-r--r--.  1 student student    42059 Oct  5 19:11 terminal-lab-design-container-05oct22.txt
-rw-r--r--.  1 student student     8534 Oct  5 21:16 terminal-lab-expose-registry-05oct22.txt
-rw-r--r--.  1 student student    17264 Oct  5 20:37 terminal-lab-external-registry-05oct22.txt
-rw-r--r--.  1 student student    22629 Oct  5 22:02 terminal-lab-image-stream-05oct22.txt
-rw-r--r--.  1 student student    25177 Oct  4 19:17 terminal-lab-source-build-04oct22.txt
drwxr-xr-x.  2 student student        6 Aug 30 11:18 Videos
[student@workstation ~]$ lab expose-image start

Checking prerequisites for Lab: Publishing Enterprise Container Images

 Verify the OpenShift cluster is running:
 · Router pods are available...................................  SUCCESS
 · OAuth pods are available....................................  SUCCESS
 · API pods are available......................................  SUCCESS
 · No cluster operators are progressing........................  SUCCESS
 · Control plane node 'master01' is ready......................  SUCCESS
 Checking required artifacts:
 · OCI container image 'php-info' is available.................  SUCCESS
 Checking for conflicts with existing OpenShift projects:
 · Project 'developer-expose-image' is absent..................  SUCCESS
 · Project 'developer-common' is absent........................  SUCCESS

Setting up the classroom for Lab: Publishing Enterprise Container Images

 · Download exercise files.....................................  SUCCESS
 · Download OCI container image folder 'php-info'..............  SUCCESS

Overall start status...........................................  SUCCESS

[student@workstation ~]$ ls ~/DO288/labs/expose-image/php-info
blobs  index.json  oci-layout
[student@workstation ~]$ source /usr/local/etc/ocp4.config
[student@workstation ~]$ cat /usr/local/etc/ocp4.config
RHT_OCP4_MASTER_API=https://api.ocp4.example.com:6443/
RHT_OCP4_WILDCARD_DOMAIN=apps.ocp4.example.com
RHT_OCP4_NEXUS_SERVER=nexus-common.apps.na410.prod.nextcle.com
RHT_OCP4_MYSQL_SERVER=mysql.ocp-na46a.prod.ole.redhat.com
RHT_OCP4_DEV_USER=developer
RHT_OCP4_DEV_PASSWORD=developer
RHT_OCP4_GITHUB_USER=leonardotorresadiera
RHT_OCP4_QUAY_USER=leonardo_adiera
[student@workstation ~]$ podman login quay.io -u ${RHT_OCP4_QUAY_USER}
Password: 
Login Succeeded!
[student@workstation ~]$ skopeo copy --format v2s1 oci:/home/student/DO288/labs/expose-image/php-info docker://quay.io/${RHT_OCP4_QUAY_USER}/php-info
Getting image source signatures
Copying blob 787f47dbeaac skipped: already exists  
Copying blob 6a5240d60dc4 skipped: already exists  
Copying blob e56f401c47ff done  
Copying blob 5d7b6a0c7b25 done  
Copying blob 03d9f8a5e233 done  
Copying blob 4f4fb700ef54 skipped: already exists  
Copying blob 4f4fb700ef54 skipped: already exists  
Copying blob 4f4fb700ef54 skipped: already exists  
Writing manifest to image destination
Storing signatures
[student@workstation ~]$ skopeo inspect docker://quay.io/${RHT_OCP4_QUAY_USER}/php-info
{
    "Name": "quay.io/leonardo_adiera/php-info",
    "Tag": "latest",
    "Digest": "sha256:0d78ed3540090fd48242eed5dca3926b619eef67a519b527d720b40b55950732",
    "RepoTags": [
        "latest"
    ],
    "Created": "2019-07-01T22:54:42.018716849Z",
    "DockerVersion": "",
    "Labels": {
        "architecture": "x86_64",
        "authoritative-source-url": "registry.access.redhat.com",
        "build-date": "2019-04-25T16:26:03.051400",
        "com.redhat.build-host": "cpt-0013.osbs.prod.upshift.rdu2.redhat.com",
        "com.redhat.component": "ubi8-container",
        "com.redhat.license_terms": "https://www.redhat.com/licenses/eulas",
        "description": "The Universal Base Image is designed and engineered to be the base layer for all of your containerized applications, middleware and utilities. This base image is freely redistributable, but Red Hat only supports Red Hat technologies through subscriptions for Red Hat products. This image is maintained by Red Hat and updated regularly.",
        "distribution-scope": "public",
        "io.k8s.description": "The Universal Base Image is designed and engineered to be the base layer for all of your containerized applications, middleware and utilities. This base image is freely redistributable, but Red Hat only supports Red Hat technologies through subscriptions for Red Hat products. This image is maintained by Red Hat and updated regularly.",
        "io.k8s.display-name": "Red Hat Universal Base Image 8",
        "io.openshift.expose-services": "",
        "io.openshift.tags": "base rhel8",
        "maintainer": "Red Hat, Inc.",
        "name": "ubi8",
        "release": "122",
        "summary": "Provides the latest release of Red Hat Universal Base Image 8.",
        "url": "https://access.redhat.com/containers/#/registry.access.redhat.com/ubi8/images/8.0-122",
        "vcs-ref": "d5ff1490fad8f1b57e451d384d3b331e94cf6fe4",
        "vcs-type": "git",
        "vendor": "Red Hat, Inc.",
        "version": "8.0"
    },
    "Architecture": "amd64",
    "Os": "linux",
    "Layers": [
        "sha256:787f47dbeaac926cc8c927a48e8a84fc97e05fbd1c08a4c9c4ddcaddfd87e2f7",
        "sha256:6a5240d60dc4e1ade0d103badb2a897e8103ebf0ebe08350cd582bbc9671cc7a",
        "sha256:e56f401c47ffbecff00711be2281611b2c9ff2a52e88a4dd3e270f0042b7eecf",
        "sha256:5d7b6a0c7b254957cc4531643ba436470d0d558ad701860c71afb9303b21854d",
        "sha256:03d9f8a5e233b9ec3bdc88cc1857bbea8c3f34d16cc6e270a04aea260c363c44",
        "sha256:4f4fb700ef54461cfa02571ae0db9a0dc1e0cdb5577484a6d75e68dc38e8acc1",
        "sha256:4f4fb700ef54461cfa02571ae0db9a0dc1e0cdb5577484a6d75e68dc38e8acc1",
        "sha256:4f4fb700ef54461cfa02571ae0db9a0dc1e0cdb5577484a6d75e68dc38e8acc1"
    ],
    "Env": [
        "PATH=/usr/local/sbin:/usr/local/bin:/usr/sbin:/usr/bin:/sbin:/bin",
        "container=oci"
    ]
}
[student@workstation ~]$ oc login -u ${RHT_OCP4_DEV_USER} -p ${RHT_OCP4_DEV_PASSWORD} ${RHT_OCP4_MASTER_API}
Login successful.

You don't have any projects. You can try to create a new project, by running

    oc new-project <projectname>

[student@workstation ~]$ oc new-project ${RHT_OCP4_DEV_USER}-common
Now using project "developer-common" on server "https://api.ocp4.example.com:6443".

You can add applications to this project with the 'new-app' command. For example, try:

    oc new-app rails-postgresql-example

to build a new example application in Ruby. Or use kubectl to deploy a simple Kubernetes application:

    kubectl create deployment hello-node --image=k8s.gcr.io/e2e-test-images/agnhost:2.33 -- /agnhost serve-hostname

[student@workstation ~]$ oc create secret generic quayio --from-file .dockerconfigjson=${XDG_RUNTIME_DIR}/containers/auth.json --type kubernetes.io/dockerconfigjson
secret/quayio created
[student@workstation ~]$ oc import-image php-info --confirm --reference-policy local --from quay.io/${RHT_OCP4_QUAY_USER}/php-info
imagestream.image.openshift.io/php-info imported

Name:			php-info
Namespace:		developer-common
Created:		Less than a second ago
Labels:			<none>
Annotations:		openshift.io/image.dockerRepositoryCheck=2022-10-06T22:18:55Z
Image Repository:	default-route-openshift-image-registry.apps.ocp4.example.com/developer-common/php-info
Image Lookup:		local=false
Unique Images:		1
Tags:			1

latest
  tagged from quay.io/leonardo_adiera/php-info
    prefer registry pullthrough when referencing this tag

  * quay.io/leonardo_adiera/php-info@sha256:0d78ed3540090fd48242eed5dca3926b619eef67a519b527d720b40b55950732
      Less than a second ago

Image Name:	php-info:latest
Docker Image:	quay.io/leonardo_adiera/php-info@sha256:0d78ed3540090fd48242eed5dca3926b619eef67a519b527d720b40b55950732
Name:		sha256:0d78ed3540090fd48242eed5dca3926b619eef67a519b527d720b40b55950732
Created:	Less than a second ago
Annotations:	image.openshift.io/dockerLayersOrder=ascending
Image Size:	85.93MB in 8 layers
Layers:		70.95MB	sha256:787f47dbeaac926cc8c927a48e8a84fc97e05fbd1c08a4c9c4ddcaddfd87e2f7
		1.483kB	sha256:6a5240d60dc4e1ade0d103badb2a897e8103ebf0ebe08350cd582bbc9671cc7a
		14.98MB	sha256:e56f401c47ffbecff00711be2281611b2c9ff2a52e88a4dd3e270f0042b7eecf
		199B	sha256:5d7b6a0c7b254957cc4531643ba436470d0d558ad701860c71afb9303b21854d
		4.938kB	sha256:03d9f8a5e233b9ec3bdc88cc1857bbea8c3f34d16cc6e270a04aea260c363c44
		32B	sha256:4f4fb700ef54461cfa02571ae0db9a0dc1e0cdb5577484a6d75e68dc38e8acc1
		0B	sha256:4f4fb700ef54461cfa02571ae0db9a0dc1e0cdb5577484a6d75e68dc38e8acc1
		0B	sha256:4f4fb700ef54461cfa02571ae0db9a0dc1e0cdb5577484a6d75e68dc38e8acc1
Image Created:	3 years ago
Author:		<none>
Arch:		amd64
Command:	/bin/sh -c php-fpm & httpd -D FOREGROUND
Working Dir:	<none>
User:		1001
Exposes Ports:	8080/tcp
Docker Labels:	architecture=x86_64
		authoritative-source-url=registry.access.redhat.com
		build-date=2019-04-25T16:26:03.051400
		com.redhat.build-host=cpt-0013.osbs.prod.upshift.rdu2.redhat.com
		com.redhat.component=ubi8-container
		com.redhat.license_terms=https://www.redhat.com/licenses/eulas
		description=The Universal Base Image is designed and engineered to be the base layer for all of your containerized applications, middleware and utilities. This base image is freely redistributable, but Red Hat only supports Red Hat technologies through subscriptions for Red Hat products. This image is maintained by Red Hat and updated regularly.
		distribution-scope=public
		io.k8s.description=The Universal Base Image is designed and engineered to be the base layer for all of your containerized applications, middleware and utilities. This base image is freely redistributable, but Red Hat only supports Red Hat technologies through subscriptions for Red Hat products. This image is maintained by Red Hat and updated regularly.
		io.k8s.display-name=Red Hat Universal Base Image 8
		io.openshift.expose-services=
		io.openshift.tags=base rhel8
		maintainer=Red Hat, Inc.
		name=ubi8
		release=122
		summary=Provides the latest release of Red Hat Universal Base Image 8.
		url=https://access.redhat.com/containers/#/registry.access.redhat.com/ubi8/images/8.0-122
		vcs-ref=d5ff1490fad8f1b57e451d384d3b331e94cf6fe4
		vcs-type=git
		vendor=Red Hat, Inc.
		version=8.0
Environment:	PATH=/usr/local/sbin:/usr/local/bin:/usr/sbin:/usr/bin:/sbin:/bin
		container=oci


[student@workstation ~]$ oc get istag
NAME              IMAGE REFERENCE                                                                                                                                      UPDATED
php-info:latest   image-registry.openshift-image-registry.svc:5000/developer-common/php-info@sha256:0d78ed3540090fd48242eed5dca3926b619eef67a519b527d720b40b55950732   15 seconds ago
[student@workstation ~]$ oc new-project ${RHT_OCP4_DEV_USER}-expose-image
Now using project "developer-expose-image" on server "https://api.ocp4.example.com:6443".

You can add applications to this project with the 'new-app' command. For example, try:

    oc new-app rails-postgresql-example

to build a new example application in Ruby. Or use kubectl to deploy a simple Kubernetes application:

    kubectl create deployment hello-node --image=k8s.gcr.io/e2e-test-images/agnhost:2.33 -- /agnhost serve-hostname

[student@workstation ~]$ oc policy add-role-to-group -n ${RHT_OCP4_DEV_USER}-common system:image-puller system:serviceaccounts:${RHT_OCP4_DEV_USER}-expose-image
clusterrole.rbac.authorization.k8s.io/system:image-puller added: "system:serviceaccounts:developer-expose-image"
[student@workstation ~]$ oc new-app --name info -i ${RHT_OCP4_DEV_USER}-common/php-info
--> Found image 415215d (3 years old) in image stream "developer-common/php-info" under tag "latest" for "developer-common/php-info"

    Red Hat Universal Base Image 8 
    ------------------------------ 
    The Universal Base Image is designed and engineered to be the base layer for all of your containerized applications, middleware and utilities. This base image is freely redistributable, but Red Hat only supports Red Hat technologies through subscriptions for Red Hat products. This image is maintained by Red Hat and updated regularly.

    Tags: base rhel8


--> Creating resources ...
    deployment.apps "info" created
    service "info" created
--> Success
    Application is not exposed. You can expose services to the outside world by executing one or more of the commands below:
     'oc expose service/info' 
    Run 'oc status' to view your app.
[student@workstation ~]$ oc get pod
NAME                    READY   STATUS              RESTARTS   AGE
info-7d7c8dcc7d-dcwpk   0/1     ContainerCreating   0          4s
[student@workstation ~]$ oc get pod
NAME                    READY   STATUS    RESTARTS   AGE
info-7d7c8dcc7d-dcwpk   1/1     Running   0          12s
[student@workstation ~]$ oc expose svc info
route.route.openshift.io/info exposed
[student@workstation ~]$ oc get route info
NAME   HOST/PORT                                           PATH   SERVICES   PORT       TERMINATION   WILDCARD
info   info-developer-expose-image.apps.ocp4.example.com          info       8080-tcp                 None
[student@workstation ~]$ curl http://info-${RHT_OCP4_DEV_USER}-expose-image.${RHT_OCP4_WILDCARD_DOMAIN}
<!DOCTYPE html PUBLIC "-//W3C//DTD XHTML 1.0 Transitional//EN" "DTD/xhtml1-transitional.dtd">
<html xmlns="http://www.w3.org/1999/xhtml"><head>
<style type="text/css">
body {background-color: #fff; color: #222; font-family: sans-serif;}
pre {margin: 0; font-family: monospace;}
a:link {color: #009; text-decoration: none; background-color: #fff;}
a:hover {text-decoration: underline;}
table {border-collapse: collapse; border: 0; width: 934px; box-shadow: 1px 2px 3px #ccc;}
.center {text-align: center;}
.center table {margin: 1em auto; text-align: left;}
.center th {text-align: center !important;}
td, th {border: 1px solid #666; font-size: 75%; vertical-align: baseline; padding: 4px 5px;}
h1 {font-size: 150%;}
h2 {font-size: 125%;}
.p {text-align: left;}
.e {background-color: #ccf; width: 300px; font-weight: bold;}
.h {background-color: #99c; font-weight: bold;}
.v {background-color: #ddd; max-width: 300px; overflow-x: auto; word-wrap: break-word;}
.v i {color: #999;}
img {float: right; border: 0;}
hr {width: 934px; background-color: #ccc; border: 0; height: 1px;}
</style>
<title>phpinfo()</title><meta name="ROBOTS" content="NOINDEX,NOFOLLOW,NOARCHIVE" /></head>
<body><div class="center">
<table>
<tr class="h"><td>
<a href="http://www.php.net/"><img border="0" src="data:image/png;base64,iVBORw0KGgoAAAANSUhEUgAAAHkAAABACAYAAAA+j9gsAAAAGXRFWHRTb2Z0d2FyZQBBZG9iZSBJbWFnZVJlYWR5ccllPAAAD4BJREFUeNrsnXtwXFUdx8/dBGihmE21QCrQDY6oZZykon/gY5qizjgM2KQMfzFAOioOA5KEh+j4R9oZH7zT6MAMKrNphZFSQreKHRgZmspLHSCJ2Co6tBtJk7Zps7tJs5t95F5/33PvWU4293F29ybdlPzaM3df2XPv+Zzf4/zOuWc1tkjl+T0HQ3SQC6SBSlD6WKN4rusGm9F1ps/o5mPriOf8dd0YoNfi0nt4ntB1PT4zYwzQkf3kR9/sW4xtpS0CmE0SyPUFUJXFMIxZcM0jAZ4xrKMudQT7963HBF0n6EaUjkP0vI9K9OEHWqJLkNW1s8mC2WgVTwGAqWTafJzTWTKZmQuZ/k1MpAi2+eys6mpWfVaAPzcILu8EVKoCAaYFtPxrAXo8qyNwzZc7gSgzgN9Hx0Ecn3j8xr4lyHOhNrlpaJIgptM5DjCdzrJ0Jmce6bWFkOpqs0MErA4gXIBuAmY53gFmOPCcdaTXCbq+n16PPLXjewMfGcgEttECeouTpk5MplhyKsPBTiXNYyULtwIW7Cx1vlwuJyDLR9L0mQiVPb27fhA54yBbGttMpc1OWwF1cmKaH2FSF7vAjGezOZZJZ9j0dIZlMhnuRiToMO0c+N4X7oksasgEt9XS2KZCHzoem2Ixq5zpAuDTqTR14FMslZyepeEI4Ogj26n0vLj33uiigExgMWRpt+CGCsEePZqoePM738BPTaJzT7CpU0nu1yXpAXCC3VeRkCW4bfJYFZo6dmJyQTW2tvZc1nb719iyZWc5fmZ6Osu6H3uVzit52oBnMll2YizGxk8muFZLAshb/YKtzQdcaO3Y2CQ7eiy+YNGvLN+4+nJetm3bxhKJxJz316xZw1pbW9kLew+w1944XBEaPj6eYCeOx1gqNe07bK1MwIDbKcOFOR49GuePT5fcfOMX2drPXcQ0zf7y2tvbWVdXF/v1k2+yQ4dPVpQ5P0Um/NjoCX6UBMFZR6k+u7qMYVBYDIEqBW7eXAfPZX19zp2/oaGBHysNMGTFinPZik9fWggbI5Omb13zUDeB3lLsdwaK/YPeyAFU0i8Aw9/2Dwyx4SPjFQEYUlf3MTYw4Jx7CIVCbHR0oqIDNMD+FMG+ZE0dO/tsHlvAWnYS6H4qjfMC+Zld/wg92/tuv2WeeYT87j+H2aFDxysGLuSy+o/z49DQkONnmpqa2MjRyoYsZOXKGnb5Z+vZqlUrxUsAvI9At/oK+elnBpoNw+Dai9TekSMxDrgSh0KrSYshTprc2NhoRf1JtlikqirAVl98AddsSavDBDrsC+QdT7/TSoB344tzOZ39+70RbporVerqasyw1MEnC8iV6I9VTDi0uqbmfPFSq2W+gyUHXuEdb3WR5rab5jnD3i/BNMN8ChNaqsTiKa55KmBWX+Tuj0XQdQVF307nhTH0CPls+O0UPbaT5TQG/8qX68u6LpV67LQ6dNknaYgaYyPDx2TzvYGCsnhRkH8b/rsF2GDj1MCInkvxvRjOuCUlipWD/zrKx7ZOwBF0vfSSM2ShyaqAAOC1Nw+zt9/5YNbrN1zfwIdpfgnqebv/A6pnWAn4qlW1HPgHQ6OeoG3N9RO/+StMdDtmV2LxJPfBpQCGfwTgrVu38jFrKaW2tpZt2LCBdXR0sEgkwhv21u9cxQsyW3ZB1+DgoOM54btU6tu8eTPr6elhy5fr7IZNDey+e76e9/fCLcAllHpdKKinpaUlX8+111xB9VzNrYxqUAY/XVVVJYMOekLu2fFGM8VWYQRYiYkU9bD4vPlHFYnH4/zvkb1CgwACHgMoUpdyw3sFXcXUh4YHaNSHDqaxdL5jwVTXBpeXVY9oF3RcUQ+O09NT7Cayfld+4RJlP42gTIq8w66Qf/X4a6FTSSMMDcaE/NhYecMM+MdyG90OAhodWoAGkTUaSZByO5WdiA4GqwStrrM6k5vFKEXQserr63l7oR5V0NBojKctaSZtbneErOtGmFxwkGewjk0UzpCUlJSIRqMcjN8CkHLDqyRByq0PEGBBhDmdj7rQVujAaLfrrlk7xyW5gUaxpEtOmOQDr0e799NYmDVBi0+OT7FcbsaXxEQk8qprEBQMBm0vVKUBRcNjskFE8W71lSt79uzhda1d6w4ZGTUUp3NWAQ3TvW/fPvbVq+rZH/ceULOcF1/I06CY3QJohCCzNJnYdgEwwvpUKuNbUsLNpO3evZtfSGHp7+/nS2pw3LLFPVWLoA5yHQUtXvXFYjH+vU4F5yOibzsRUL38MTqC3XWh8GCWziMcDjt2BNEZUIfoUOpJkwvziT3S5ua8Jj/4yD5E0yERbPkhKv4RF4mhkN1wCMHN2rWfYZ2dnWz9+vXchNkJzBoaQ8Bxqg91wWo41YdO2dzczD+3bt06Rw0rBG4nOF8oi9M0Jsw9OgLqQ124BifLgeuHyVbN0NXUrODBmDWxgRR0pNrUYqMNgDOZGZbNzvgCuc4j0kX+GPJ2//CcMagQmKkbrm/knwVEp++SIXulM1+nhj9AY207QRDnpsnye24WA59DkuPlV/5j+z5eB2hE0W1tbTyQdNJmDpksRzFp2E9csFJAboRvDvz8gZdJgw2ek55KZphfAv+Inu8UdKnmkEUHQK93EjEZ4Rbkifq8JiactEpYAy9Nli2Gm6CjIZPn1qlKFWizleOG3BIwdKNZ+KRMxr9VHKvr1NKLXo2BhlAVFRPq1qlWW6MBr3NWyY2rTGXO5ySJlN9uDuiGsV7XTVPtl8CHYGizf/9+V5Om0hAwVV4ahuU8qia03HP26kyqFkMOTudDzjs/P/QKBUiBYa5ZNucfZJUkCG/0IhpCxYyqBF3lnLOII8q1GKqdStQ3rTh5MStwXX5O/nE1metGQzPHUH6JatA1OppQ8u1eUbpX44tO4GY5vM5Z9sduFgOfG1GwUOK6VFzaSAmrWCSfzGCuuT/O+bi6QwRdTtqXN2keJ4/ejgkJ5HedRARkbkGe6ARulgMWQ+Wc3cDAWohhoZdcue7ifJ7crfP6Me8dELd0Mv8U2begC2k9SHd3t+NnNm7cqKwRbiYUkykqvlZlmOYVLIq5bHRep46JzotOc9BhuFc0ZHGLph+CJIaXr1FZSIfxsdBiN1+LpALEK2By61Aqs0rwtV7DNBU3BMCYixYTLU6C8bM5hBwum0k1mesBpmPtlj+qXFenFsAgCVLon9DYeIxUnmh05HCdBIkCVRP6ussiepVZJZXIutCHwt2I0YGY2Kiz3AIyeG5aLNooVULQBbHy1/nAK2oEtEanheil+GO3aFg0FnwSilNC4q6OrXzywc0XCy1WMaFu/tgrCBLRuWpHuP+n1zqmRXFN0GAnwKgHeW1E1C/86UDJHFKptATZMPZTafbLXHtN3OPixKRC4ev4GwB2Gy6JxhQNEYul+KoKp79RMaGqKzy9ovzt27c7pidVZtYAGJMYOP7u6bdK1mLI1GQ+/ogSZBahwKuLO2jSZt0odw65xrUhAMNrZskLsGiIXz72F3bTjV+ixvtbWcMQr3NWCbog5VyXAIy63PLrqpJITIqHkcD9P7suSiYbG53wvTLKDbr8WBbjZqIF4F3PD3ItRn1eQd5CBF3lCM5RAIYfVp0/dgZ8SvbJ2/l8MmlvNw+8qJTjm+drWQwaAXO9KMuWncc1GBMXKkGeV/pU5ZxFIsTvzovOCu3HvDnOE7NTu3rLr+PE8fy6+IEX9947YM4n/+LbPT/88R8QqoYAuVSDrZLFKcYso2AcLBIeGDPu6h3M+yqvIE/4Y6w4LdUfi+jcr86L75KvC9+PcbVfd1hCi6U7Innwk1/+Q5rcoetsdyBg3s9aCmivBsNFifGfG9zCJUFiztmpEXAbqhMgr6SLWBPu9R1enRfm1ktrC6cVYWH+/Mqg43x6sYK1edaCex7vkRZHZkF+6P6NkXvvi/TpLNBUaqTtdcsoLtIrVTcem2EHDh7m2uq0ikMINBvafOmazzt+BkGMW9CF70DndPsOaJqb38Y1oXjdCYHOiqwbPofrKid6thMAlnxxPtMy6w4K0ubNhq73U5wd5PtVleCTd+50D2CEafLloqixyv0ufMcOGq64CVaMYN2119gfAdPpuscKOxWgCMDwxfm0pvzBhx9siRLoFt3ca7Ikf+x2yygaYzHdTSi7IT9y8fMJ2Lpdhg+ZCPA2+f05d1A88mBLHzQaoA1dL6ohVLJGi+1uQj8XQMyHIMgaGT6eDxuozMkD294LRaB7CPI27DLHQSskSFRvGa30O/zndF4fF0DMhwa//9//iZ2DcILqN7xBHn1oUweNn7eJ3WO9QHvdMlrMsphKEj8XQPgpuHVVMtGOgF0hC9CGTqbb2kHOzXx73aKiuiymEv2x22ICMYYeWSALBQ7RQ0fkoZIr4DnRtS3ohzf1dNzTG9d0PcwMLahZO8UyKTMm38wteratSVtkplq4oWj0PcfrEinPhYg14H+hvdIwCVs1bvb6O+UBMYFGl90d0LRGLRDgoHEUwYnXDniQStocTVUwfPLaKQGA/RoWOmkvtnsaG8unK+PWMKlH5e+Lznp03N27RdO0TkxmYNZKszYBlyfI3RpjsQkmMOo8ls4Wsx1EKcEVAEvayyNoeRzsO2RI+93PNRLesGYtNpBhL4l/prlgZz5ob0mbtZVFhWC301d0EuQgAHPgS7D9hssTHKyMbRfLptF213NBDRuoaqxNA2yh2VUBDnxJ1M1yRW6gOgt2x64gqXK7ht1yOWyW1+wl7bYXvhUygQXgit4KuVDuBGzSbA2bmmtayNzpRgJOGu7XosHFChZzvrGTiUKt5UMiVsmbmtsCb3+2lZmwm3hFNsA/CiYdKyfhYx3Aws8urp8nsJM72naGCG8zYwZMecjk/WHVVRbsMwU6tBVQsWJS2sNDlrgVTO0RE/vzKQtuN2+/85k5PxlUaL75D3BZwKss+JUqSFRAO/F7Eqlkmj+2gbrgYE8rZFluu+P3pOGsyWCG/Y9/GR8exC+vYfc5flxgzRdDGsDEz/8AJsxwQcBUKPCtmKOMFJO8OKMgF8r3b3sKkAm69TN+2OZCAm5ID/g9XPypwX29ufWgudq0urrKes/8nPkxgy1bdg6z/or/SFc2mzV/xs+6HwySTmdYJp2dpaWKEregYrVfn9/B0xkD2U6+e+sOaHqImTfLrycUOIZM1hJwC3oemPXbi/y5PnsrJ136bUa8pxu69BklmANWwDRkgR1wmwVaglyi3Nz6JLQ+ZG5NxQsgNdAhmIfJN7wxgoWg9fxzPQ+c/g9YAIXgeUKCyipJO4uR/wswAOIwB/5IgxvbAAAAAElFTkSuQmCC" alt="PHP logo" /></a><h1 class="p">PHP Version 7.2.11</h1>
</td></tr>
</table>
<table>
<tr><td class="e">System </td><td class="v">Linux info-7d7c8dcc7d-dcwpk 4.18.0-305.45.1.el8_4.x86_64 #1 SMP Wed Apr 6 13:48:37 EDT 2022 x86_64 </td></tr>
<tr><td class="e">Build Date </td><td class="v">Oct  9 2018 15:09:36 </td></tr>
<tr><td class="e">Server API </td><td class="v">FPM/FastCGI </td></tr>
<tr><td class="e">Virtual Directory Support </td><td class="v">disabled </td></tr>
<tr><td class="e">Configuration File (php.ini) Path </td><td class="v">/etc </td></tr>
<tr><td class="e">Loaded Configuration File </td><td class="v">/etc/php.ini </td></tr>
<tr><td class="e">Scan this dir for additional .ini files </td><td class="v">/etc/php.d </td></tr>
<tr><td class="e">Additional .ini files parsed </td><td class="v">/etc/php.d/20-bz2.ini,
/etc/php.d/20-calendar.ini,
/etc/php.d/20-ctype.ini,
/etc/php.d/20-curl.ini,
/etc/php.d/20-exif.ini,
/etc/php.d/20-fileinfo.ini,
/etc/php.d/20-ftp.ini,
/etc/php.d/20-gettext.ini,
/etc/php.d/20-iconv.ini,
/etc/php.d/20-phar.ini,
/etc/php.d/20-sockets.ini,
/etc/php.d/20-tokenizer.ini
 </td></tr>
<tr><td class="e">PHP API </td><td class="v">20170718 </td></tr>
<tr><td class="e">PHP Extension </td><td class="v">20170718 </td></tr>
<tr><td class="e">Zend Extension </td><td class="v">320170718 </td></tr>
<tr><td class="e">Zend Extension Build </td><td class="v">API320170718,NTS </td></tr>
<tr><td class="e">PHP Extension Build </td><td class="v">API20170718,NTS </td></tr>
<tr><td class="e">Debug Build </td><td class="v">no </td></tr>
<tr><td class="e">Thread Safety </td><td class="v">disabled </td></tr>
<tr><td class="e">Zend Signal Handling </td><td class="v">enabled </td></tr>
<tr><td class="e">Zend Memory Manager </td><td class="v">enabled </td></tr>
<tr><td class="e">Zend Multibyte Support </td><td class="v">disabled </td></tr>
<tr><td class="e">IPv6 Support </td><td class="v">enabled </td></tr>
<tr><td class="e">DTrace Support </td><td class="v">available, disabled </td></tr>
<tr><td class="e">Registered PHP Streams</td><td class="v">https, ftps, compress.zlib, php, file, glob, data, http, ftp, compress.bzip2, phar</td></tr>
<tr><td class="e">Registered Stream Socket Transports</td><td class="v">tcp, udp, unix, udg, ssl, tls, tlsv1.0, tlsv1.1, tlsv1.2</td></tr>
<tr><td class="e">Registered Stream Filters</td><td class="v">zlib.*, string.rot13, string.toupper, string.tolower, string.strip_tags, convert.*, consumed, dechunk, bzip2.*, convert.iconv.*</td></tr>
</table>
<table>
<tr class="v"><td>
<a href="http://www.zend.com/"><img border="0" src="data:image/png;base64,iVBORw0KGgoAAAANSUhEUgAAAPoAAAAvCAYAAADKH9ehAAAAGXRFWHRTb2Z0d2FyZQBBZG9iZSBJbWFnZVJlYWR5ccllPAAAEWJJREFUeNrsXQl0VNUZvjNJSAgEAxHCGsNitSBFxB1l0boUW1pp3VAUrKLWKgUPUlEB13K0Yq1alaXWuh5EadWK1F0s1gJaoaCgQDRKBBJDVhKSzPR+zPfg5vLevCUzmZnwvnP+k8ybN3fevfff73/vBAJTHxc+khL5kr6T1ODk5nAgTRTWloghFVtEg/zfh2PkSvq9pJGSKiX9SdKittbJoD/PSYkrJD0vKeB4IsNNotfuUtHk/CM+IvijpF9KGiDpGEkLJZ3lC7qPeKKTpD9IWiDpUOfWPCi61ZeLvD2VIhTwp9QlTjK5NsIXdB/xxHmSpvD/OucWPSAyQw2+LfeG1SbXVra1Tqb785xUaNdMel0g7Iu5V1zPv6dJqpD0kKR/+ILuI55o8oeg1bFT0kWSOkraQxK+oPvw0TZR3ZY758foyQXf//ZxUFh0Q/GEfNf9gHkaJ6m7pHJJSyTt9tnXhxtBR2EGlnHCMbZMaHuHzX19JZ0u6VRJh0k6hM+BpMjnklZIelPSNhff3V5StkNlEWBMFm+3LcC+BW3GuZP2GvfmiEiCCMUzxZIKRGSt9zeML/fdGAW9JB3O8c6SlMZ+b5f0qaQiF7EpnieXY1auvZfG7zhSUk8RSS428F7M5xfsh1eAV/vxOzoq16sklZBqbdpo5H2qDPRQXoP3Ki0+20FSFyrZUgt+Rt/7KH2vZb8/t/iMG2Sy/0dI6sbvgHGoV8a3xErQb5Q0iTfHCplkzlkW7w+VNF3ST7QJUzFK0pVkDFiw+yV95uC7r5Z0k3CW2ApwIkrJ9B9IelfSh2SIlqC/pDFUZAVk0rQoMhk2GYswx+AtWvMKPtcyEckW37pPwsIHNAuBniDpYhEpBMmJwvibJL0gIlVh39r0C8UlczkXQ/mM6OtEzuf3RfPVAxUY47f5PStcGKPxpOMldbbxiBptPMavJX1PuQ/P/olyz12S7rD4PLyqBTQ8gyXVSOot6VK+dxR53wyl7POjkv7pkpcwpleJSCHP4eQjM0BB/ZuG4Hl9EO8mQx4ZQ0FfL+k+k+t4wNlULpkO24IGnSzpQklzKPDRAMvZ1eXz9uXfH/Pvx5Ie44C5zYQXUgDPj6LEnMCQ3AFkjjupjGF9/kJmxPw1oiquz+6dalXcCRSmYxwK0kDSRI71azb3Y+6GiMi6P/5ey3F3YpExjxdQoG61uX8gBetkh2OWFkUIVGUT1pS9yosZNu1nkl8uZH+mikhxkx1wz7mkB0WkXsKJFw1ZuSWKotY9wjNJS6mUy41JK5P0c2qCnBgIeQWZvEK7Dnf6WUljTT5TS7d0KwezkJShdWIeGeuKKJo7FktUQylcl0i6RtL/HH4OjP+wB0UTLTGHfubRDWyi1g7SaoZQ495z9w7RpaHKqHEfLeklEyWzk+7dl3TTu1KQCpV7+pBB4IWstFFAgvOpJnTL6DoW0xPbw3k/nIYkW+kbmHeXhUEABklazrBDBdzTDfyuBo5DPq1eoUk7ZbSk70l6n3MZjUdCDpQvMF/rezn7/hX7Xs8wsj/7rsrWdQxnZtrwwENUosJkDDZxTjOUkEH1ds6lzJyDZzGScRsonGNcMCIG+WgRKTRQ8Su2p7uRi/mlKjZKekREChS2KIOcTvfqp3RZDlM+cxnfv8Thc75Pt8kqo92VzNTbxBqcQlceivAdByHDIxbvFTMOLovyHAGGK3qc/jJDoDc4hpjABzBm4UAglBFqEAOqt8mB29ss4uJnNCHfSK/tVZMYEfMykt7Bcco1eDLDHCT8gmzzRdLHZL6wRSgzg6GIgVl8Xj2uhPA+oQn53yTdK2mVMC8NzuJ8zaSyM/ApxyzWCFJRvUQ3eQ29BTNFcRgt+FTl2g30zDZZtD/ZRMifE5ES6Y9MxqAHQ7XZikI9nd97j5p1f83GZTPr6Crt2sOcOB1zTYT8HrqjVRZx4wbSAt47SXn/YsZV9zp4zuvJgNGQRaszmoN1rBY6IH4dHiVHcA5dZd2zeIbPv8ZBkghYTQFTx/h1WvSz6c3kM5ewGG8Prvxc5DZWS2u+dypnM5Y3sIJMXmbxfXW0misZN56oxITnWsyl2fg+6+C+zWTefMWr68RwaYF271htHBZqCsKqL28wB/ACjYShrE9nUjfWmEU33A7woqbR4k5UlNk4yoYOzOHvtGs30KO1QgnlZC2VohGOIGn7WEvW0ZdoMeCHfBgdo8X++m3V+s2wEHKzJMblJom92+ne2SHDwT1gknUispPpJLrrVZqwLxTmy5F5jOdVS72F/b6UwlbrcEytrD00+a8l/ZUM82jEZd8peu8uNYS8JxNWqis5IYqQCy1rPUULh8Y7fOYal3zzmPb6aJN7zlf+32bBV9ESclNE85WUX4j4oNbl/fM1b2eoxX3jyXNqiDTP4Xe8Rm9ItfSjvAr6DM0d+o5MXW/CuHO0a7eZTLYT3KF9LktYZ/WdCI+IkoV+lFZ6l3J9OF14HdM0F3MrhXxFjJmqhh5FBera24XqxaCqL0UosK97Z2ku+yJaEqf4D62ByoROcjZuN78Xaa9zTBSzKvxvC+vlrmgWVPU2h4j4FCO5lZ+vNBnpYHHfOOX/PfR83eApTaGM8CLop5l88WSLWAOu4AiNme5owcBO1xhlLGO/eGAFkyYqrtFe5zKzqU7KBE5o/BAIiv7VJSK7qV4GhEF1XtSk0YseWl6lWYI+cXj6pigJLkH3Vk0qfebxe4q0JGOGSDxCWn/Nchk9qJgMfGKS87LDes1IHeVW0LszgaC6sPMYE5lBt4CzRcuy4lVMLKlWfWwcJ+YpxtcGjtOYfzRjTgNIlv0rnpyCveeHNFSJ/jUlonH/3nNYqyOU28qYhHOLbzVPqFc81JQDKxnQ5twLdmjfmQzlxU6eoZ/mma3y8D3VonlhUr6bElhMwJ81RseSxW+jfOYULdYGAw5s4WBtpeU0ijKwxnp/HCfn70piCNlMFEUU8/WpmnZe1Bq80r96m5yMkIwx9nnNHTWFs114q0ArM1HsiUY7j5/rKFIThdrrzR7agHyoy9vd3Ag64uEfKa+xjIKlLqtTUBB7FWgJrQ9joFl1d2cQ2wzHaeDXa6/ztO9Wx+OT+FrzSAKuV12ptOZp+ljnaVawk8uxDpnMZXYCGB3PXqe5sl7QQ5ubhhQR9B4mQpvjIR+gJgrbOxV0rK/rVUyXmyRWdI2a2YLEhVP3BwmN9sJ9BtQpKkxiSDOrUeUhaeQaPevKzKQ3oIVTSGatcynoRl29sIkh440a8pURNoz00Ab4Ts1obxCps1FKl8k5IpKbcmsgu6nz6ETQC+iSqoKKOPmVJBmYnDjHX4EozB9s7TgwykkyYS13URAHpmstYIloOP/HEi6Wx5a4+DwSpH2V18tTyHUPm3iQeS1s09ai4/0ntVgNRQmzHTRulGwaQNnei3FgHqPcMBEJlXrNioAaE8AcupKBd7ElBu1uTxCzg+dmKB4TahiQNX/OxssAb00Uzdeci4S3FYhEQdfkWCrc1cI2K+2EDhsP1OUxZGUnOWTmcgphV0UgZ4jUR1hLlBiuJfqJpb61CXimOrq8RqiEeu6TU3iMwdzYgWhUnWHDDKr0ptLar6USqmOfYYiGMMTUN/KgziGVTo+pNJHBBfF0zVAQc6N2DUL+tcO2Yc1Rk2ss+yBmOko43yCSCljJXAWA7PD4eAt6MBy2yiNACRvVVN05t40pPLYPsT+zlRDpOLG/Jt8OSGKhmnBpivV7q/Y6JkucVgkyWKb52rVZwl0tvNDi+AzRvKjfK1Dnjvpd1FhPEc1LBVsbqENXN35cFaPY2BIVGdlWYZKqgPPj/RythNtpcNycpoOxwAae0bGwhAkAQg01cfiDWDRqZtHhCqFQ5FAtOXKXh/Yh6Ci2N5YMUDW2SHg/N3scn02N++cnMIZCBdwS9gtApRxqDc6OlzWtSrdc8cJGlzP5fzZDri1tQNixISWL/5fSQvcVzfe/wzXfSG8Kuw03pHB/t5KMik+EYJ1EC1d0zCw6fofqRI2ZJwpvyxN4uPs0q/6UR2szyESobxatf3aa7jvfrT0DGPNpYV3H3CI0BYLGllQdy7TX14rUP/zzDHpuRp0EPLnJvH68Qij/RXnyIyku5Ea+5S3NO7s01q77eMY1qqY8T7Qs+4qtq+o2UWhjZO6HuWhjJBlZXWbAHvbFSTAxqMW+RbuG3VfviAP36tshujINh6Tr3kE0BNMl5x8Qq6+mVTdwrMlzpRrGaGPzVpw9NDNFngjoFZZzRCS/FRPXHRZT31X2MgfYTQYX1WE1moaaQJfKEFTs/camkXnUwt9YtNWPiuc67VmRlb0yiRgS/cAe7is0QXuTAm9kikM2DNc5OkeGRaMU8tq0TJHbUCOtezMeRfITiSv1PLLbGE5gb/NOB/1AuR1KlLETDltidyR4XIPasyEnc6eIbRa9kfNifFeXJOAnVJBiKfFCvobcLKccLHWojHJpIPH3iXQlpoNLrdcH44sucvmQOHHjZ9rDrGdbixVmbk/XGy4mtiKuoQDjmQpFJLs6wuSZvqKmL0ky6zOZLry+420UKUaue5ooyeqy9+iopgM989cp1Dcp16bSU1tOJbyFyjedTID5wOk6OAUFFXUDKFRLkmBM3xH7fzIJwPLsxexDMWP2b8g38DqN45ywCuH0VNuv+XmjwOYCjtUakbg6AkGlNoQGBMB5A9g8hh2g7zFE2U4F35FxfHfmwwbxcz3Yl32C/oAwPwDAS6UXdpOhXPZ27Trc9R/SLTla0zzGoXl2QAexnLVZJB/CZMpV7HthfL4lJIrb54u+tdv3/rCiSbw+k88yM9ZxXgKwlHmZycq13iSr0KeMHmUZw6r1VICrLT4D5fy4wq/5DAvfjaWC9oAd9KxwTNUJynUjL+EqpwSTME1zOWMBuIxmZ7p9RCsNq+NmdxW09I1MdNkJeYZNHsIt0qKEO2Z4kvmHadS+Xqv2cqzc93rpuhdl54tg2DISuJljBW3uZjMHrAPqHOYK6zPIM23G2+14Rts4cyLbdxo3Y667UskOo/W/m/PwRhQBwZFkT2vXzDbTtLMZCyfP1155bbfDrpjKZoYH41bO+d97jmEgMPVxFMF0iHESIkiNtDhKuwV058cw0dBZNP+lFsSU/6VWf0E4P/x+IF2eJnokr4uW/2jAKPYjjRb7Cxef70c3qsCl0im1Gj/Uu2eF6sWo0rUiTQq7zS+pYjywnXYwcyOZfI4mKgHj9N2ttHqbRfSlQXhjw5XXy4S7ZbzOovkxVRsphHp8ia3HlyleZS1zHcvoVrdjuNFdEe7edGHzSbpSria/WZ3+cxYV5DCx/4w7FUfyfTW0WO+i7x2YrzKUXZFw/sut+OxJDGkHUxEZPwgCquQcIgxZR9oXekDQk8FF60bqwocupaIoEz6EmaC3C+0Ro6Wgp4eb2tpPJqN+4xXFXQ3TfUfCc5PDNnLZDpLIV1NADKyjZa87mHgmWX57bYdIfIY3pdCGf43xQUXI62kBn3fZxi4SPC8crIjDQ4yzFAaz/XcPJn7xf03VRzIB5Z7qCbBzPQi5jga2E9bCD+ELug8ficEZCk/Cmj8Ro3aLtLxDR1/QffhIHNRTUZCf+S5G7SJBp2b7G31B9+EjcVAFEInZQ2LU7jiN1zf4gu7DR+KwTvkfO9bGx6BNnEQ8XXmN5cT3fEH34SNxwN4A9dgknIEwyWNbeRTwV7WYHBVwFQfbwKb7vOUjiYAiKVT1PczXqCLD/n5UbuLcNxTKoCgExSFNmsFCHI6iJBQFnUbqqbWPHyFceDAOrC/oPpIN+FVaVLrNUa6dLPbvoEQdO4pd1OUylBVkCutsOkqosbNvwcE6qL6g+0hG3MY4ejots1pT3kE4P9QDdfuLKeDfHswD6gu6j2TF2yQcLoqEGurre9EdP1QTfmxJRdn0NlrvD+jmY69Egz+UQvxfgAEALJ4EcRDa/toAAAAASUVORK5CYII=" alt="Zend logo" /></a>
This program makes use of the Zend Scripting Language Engine:<br />Zend&nbsp;Engine&nbsp;v3.2.0,&nbsp;Copyright&nbsp;(c)&nbsp;1998-2018&nbsp;Zend&nbsp;Technologies<br /></td></tr>
</table>
<hr />
<h1>Configuration</h1>
<h2><a name="module_bz2">bz2</a></h2>
<table>
<tr><td class="e">BZip2 Support </td><td class="v">Enabled </td></tr>
<tr><td class="e">Stream Wrapper support </td><td class="v">compress.bzip2:// </td></tr>
<tr><td class="e">Stream Filter support </td><td class="v">bzip2.decompress, bzip2.compress </td></tr>
<tr><td class="e">BZip2 Version </td><td class="v">1.0.6, 6-Sept-2010 </td></tr>
</table>
<h2><a name="module_calendar">calendar</a></h2>
<table>
<tr><td class="e">Calendar support </td><td class="v">enabled </td></tr>
</table>
<h2><a name="module_cgi-fcgi">cgi-fcgi</a></h2>
<table>
<tr><td class="e">php-fpm </td><td class="v">active </td></tr>
</table>
<table>
<tr class="h"><th>Directive</th><th>Local Value</th><th>Master Value</th></tr>
<tr><td class="e">cgi.discard_path</td><td class="v">0</td><td class="v">0</td></tr>
<tr><td class="e">cgi.fix_pathinfo</td><td class="v">1</td><td class="v">1</td></tr>
<tr><td class="e">cgi.force_redirect</td><td class="v">1</td><td class="v">1</td></tr>
<tr><td class="e">cgi.nph</td><td class="v">0</td><td class="v">0</td></tr>
<tr><td class="e">cgi.redirect_status_env</td><td class="v"><i>no value</i></td><td class="v"><i>no value</i></td></tr>
<tr><td class="e">cgi.rfc2616_headers</td><td class="v">0</td><td class="v">0</td></tr>
<tr><td class="e">fastcgi.error_header</td><td class="v"><i>no value</i></td><td class="v"><i>no value</i></td></tr>
<tr><td class="e">fastcgi.logging</td><td class="v">1</td><td class="v">1</td></tr>
<tr><td class="e">fpm.config</td><td class="v"><i>no value</i></td><td class="v"><i>no value</i></td></tr>
</table>
<h2><a name="module_core">Core</a></h2>
<table>
<tr><td class="e">PHP Version </td><td class="v">7.2.11 </td></tr>
</table>
<table>
<tr class="h"><th>Directive</th><th>Local Value</th><th>Master Value</th></tr>
<tr><td class="e">allow_url_fopen</td><td class="v">On</td><td class="v">On</td></tr>
<tr><td class="e">allow_url_include</td><td class="v">Off</td><td class="v">Off</td></tr>
<tr><td class="e">arg_separator.input</td><td class="v">&amp;</td><td class="v">&amp;</td></tr>
<tr><td class="e">arg_separator.output</td><td class="v">&amp;</td><td class="v">&amp;</td></tr>
<tr><td class="e">auto_append_file</td><td class="v"><i>no value</i></td><td class="v"><i>no value</i></td></tr>
<tr><td class="e">auto_globals_jit</td><td class="v">On</td><td class="v">On</td></tr>
<tr><td class="e">auto_prepend_file</td><td class="v"><i>no value</i></td><td class="v"><i>no value</i></td></tr>
<tr><td class="e">browscap</td><td class="v"><i>no value</i></td><td class="v"><i>no value</i></td></tr>
<tr><td class="e">default_charset</td><td class="v">UTF-8</td><td class="v">UTF-8</td></tr>
<tr><td class="e">default_mimetype</td><td class="v">text/html</td><td class="v">text/html</td></tr>
<tr><td class="e">disable_classes</td><td class="v"><i>no value</i></td><td class="v"><i>no value</i></td></tr>
<tr><td class="e">disable_functions</td><td class="v"><i>no value</i></td><td class="v"><i>no value</i></td></tr>
<tr><td class="e">display_errors</td><td class="v">Off</td><td class="v">Off</td></tr>
<tr><td class="e">display_startup_errors</td><td class="v">Off</td><td class="v">Off</td></tr>
<tr><td class="e">doc_root</td><td class="v"><i>no value</i></td><td class="v"><i>no value</i></td></tr>
<tr><td class="e">docref_ext</td><td class="v"><i>no value</i></td><td class="v"><i>no value</i></td></tr>
<tr><td class="e">docref_root</td><td class="v"><i>no value</i></td><td class="v"><i>no value</i></td></tr>
<tr><td class="e">enable_dl</td><td class="v">Off</td><td class="v">Off</td></tr>
<tr><td class="e">enable_post_data_reading</td><td class="v">On</td><td class="v">On</td></tr>
<tr><td class="e">error_append_string</td><td class="v"><i>no value</i></td><td class="v"><i>no value</i></td></tr>
<tr><td class="e">error_log</td><td class="v">/var/log/php-fpm/www-error.log</td><td class="v">/var/log/php-fpm/www-error.log</td></tr>
<tr><td class="e">error_prepend_string</td><td class="v"><i>no value</i></td><td class="v"><i>no value</i></td></tr>
<tr><td class="e">error_reporting</td><td class="v">22527</td><td class="v">22527</td></tr>
<tr><td class="e">expose_php</td><td class="v">On</td><td class="v">On</td></tr>
<tr><td class="e">extension_dir</td><td class="v">/usr/lib64/php/modules</td><td class="v">/usr/lib64/php/modules</td></tr>
<tr><td class="e">file_uploads</td><td class="v">On</td><td class="v">On</td></tr>
<tr><td class="e">hard_timeout</td><td class="v">2</td><td class="v">2</td></tr>
<tr><td class="e">highlight.comment</td><td class="v"><font style="color: #FF8000">#FF8000</font></td><td class="v"><font style="color: #FF8000">#FF8000</font></td></tr>
<tr><td class="e">highlight.default</td><td class="v"><font style="color: #0000BB">#0000BB</font></td><td class="v"><font style="color: #0000BB">#0000BB</font></td></tr>
<tr><td class="e">highlight.html</td><td class="v"><font style="color: #000000">#000000</font></td><td class="v"><font style="color: #000000">#000000</font></td></tr>
<tr><td class="e">highlight.keyword</td><td class="v"><font style="color: #007700">#007700</font></td><td class="v"><font style="color: #007700">#007700</font></td></tr>
<tr><td class="e">highlight.string</td><td class="v"><font style="color: #DD0000">#DD0000</font></td><td class="v"><font style="color: #DD0000">#DD0000</font></td></tr>
<tr><td class="e">html_errors</td><td class="v">On</td><td class="v">On</td></tr>
<tr><td class="e">ignore_repeated_errors</td><td class="v">Off</td><td class="v">Off</td></tr>
<tr><td class="e">ignore_repeated_source</td><td class="v">Off</td><td class="v">Off</td></tr>
<tr><td class="e">ignore_user_abort</td><td class="v">Off</td><td class="v">Off</td></tr>
<tr><td class="e">implicit_flush</td><td class="v">Off</td><td class="v">Off</td></tr>
<tr><td class="e">include_path</td><td class="v">.:/usr/share/pear:/usr/share/php</td><td class="v">.:/usr/share/pear:/usr/share/php</td></tr>
<tr><td class="e">input_encoding</td><td class="v"><i>no value</i></td><td class="v"><i>no value</i></td></tr>
<tr><td class="e">internal_encoding</td><td class="v"><i>no value</i></td><td class="v"><i>no value</i></td></tr>
<tr><td class="e">log_errors</td><td class="v">On</td><td class="v">On</td></tr>
<tr><td class="e">log_errors_max_len</td><td class="v">1024</td><td class="v">1024</td></tr>
<tr><td class="e">mail.add_x_header</td><td class="v">On</td><td class="v">On</td></tr>
<tr><td class="e">mail.force_extra_parameters</td><td class="v"><i>no value</i></td><td class="v"><i>no value</i></td></tr>
<tr><td class="e">mail.log</td><td class="v"><i>no value</i></td><td class="v"><i>no value</i></td></tr>
<tr><td class="e">max_execution_time</td><td class="v">30</td><td class="v">30</td></tr>
<tr><td class="e">max_file_uploads</td><td class="v">20</td><td class="v">20</td></tr>
<tr><td class="e">max_input_nesting_level</td><td class="v">64</td><td class="v">64</td></tr>
<tr><td class="e">max_input_time</td><td class="v">60</td><td class="v">60</td></tr>
<tr><td class="e">max_input_vars</td><td class="v">1000</td><td class="v">1000</td></tr>
<tr><td class="e">memory_limit</td><td class="v">128M</td><td class="v">128M</td></tr>
<tr><td class="e">open_basedir</td><td class="v"><i>no value</i></td><td class="v"><i>no value</i></td></tr>
<tr><td class="e">output_buffering</td><td class="v">4096</td><td class="v">4096</td></tr>
<tr><td class="e">output_encoding</td><td class="v"><i>no value</i></td><td class="v"><i>no value</i></td></tr>
<tr><td class="e">output_handler</td><td class="v"><i>no value</i></td><td class="v"><i>no value</i></td></tr>
<tr><td class="e">post_max_size</td><td class="v">8M</td><td class="v">8M</td></tr>
<tr><td class="e">precision</td><td class="v">14</td><td class="v">14</td></tr>
<tr><td class="e">realpath_cache_size</td><td class="v">4096K</td><td class="v">4096K</td></tr>
<tr><td class="e">realpath_cache_ttl</td><td class="v">120</td><td class="v">120</td></tr>
<tr><td class="e">register_argc_argv</td><td class="v">Off</td><td class="v">Off</td></tr>
<tr><td class="e">report_memleaks</td><td class="v">On</td><td class="v">On</td></tr>
<tr><td class="e">report_zend_debug</td><td class="v">On</td><td class="v">On</td></tr>
<tr><td class="e">request_order</td><td class="v">GP</td><td class="v">GP</td></tr>
<tr><td class="e">sendmail_from</td><td class="v"><i>no value</i></td><td class="v"><i>no value</i></td></tr>
<tr><td class="e">sendmail_path</td><td class="v">/usr/sbin/sendmail&nbsp;-t&nbsp;-i</td><td class="v">/usr/sbin/sendmail&nbsp;-t&nbsp;-i</td></tr>
<tr><td class="e">serialize_precision</td><td class="v">-1</td><td class="v">-1</td></tr>
<tr><td class="e">short_open_tag</td><td class="v">Off</td><td class="v">Off</td></tr>
<tr><td class="e">SMTP</td><td class="v">localhost</td><td class="v">localhost</td></tr>
<tr><td class="e">smtp_port</td><td class="v">25</td><td class="v">25</td></tr>
<tr><td class="e">sys_temp_dir</td><td class="v"><i>no value</i></td><td class="v"><i>no value</i></td></tr>
<tr><td class="e">track_errors</td><td class="v">Off</td><td class="v">Off</td></tr>
<tr><td class="e">unserialize_callback_func</td><td class="v"><i>no value</i></td><td class="v"><i>no value</i></td></tr>
<tr><td class="e">upload_max_filesize</td><td class="v">2M</td><td class="v">2M</td></tr>
<tr><td class="e">upload_tmp_dir</td><td class="v"><i>no value</i></td><td class="v"><i>no value</i></td></tr>
<tr><td class="e">user_dir</td><td class="v"><i>no value</i></td><td class="v"><i>no value</i></td></tr>
<tr><td class="e">user_ini.cache_ttl</td><td class="v">300</td><td class="v">300</td></tr>
<tr><td class="e">user_ini.filename</td><td class="v">.user.ini</td><td class="v">.user.ini</td></tr>
<tr><td class="e">variables_order</td><td class="v">GPCS</td><td class="v">GPCS</td></tr>
<tr><td class="e">xmlrpc_error_number</td><td class="v">0</td><td class="v">0</td></tr>
<tr><td class="e">xmlrpc_errors</td><td class="v">Off</td><td class="v">Off</td></tr>
<tr><td class="e">zend.assertions</td><td class="v">-1</td><td class="v">-1</td></tr>
<tr><td class="e">zend.detect_unicode</td><td class="v">On</td><td class="v">On</td></tr>
<tr><td class="e">zend.enable_gc</td><td class="v">On</td><td class="v">On</td></tr>
<tr><td class="e">zend.multibyte</td><td class="v">Off</td><td class="v">Off</td></tr>
<tr><td class="e">zend.script_encoding</td><td class="v"><i>no value</i></td><td class="v"><i>no value</i></td></tr>
<tr><td class="e">zend.signal_check</td><td class="v">Off</td><td class="v">Off</td></tr>
</table>
<h2><a name="module_ctype">ctype</a></h2>
<table>
<tr><td class="e">ctype functions </td><td class="v">enabled </td></tr>
</table>
<h2><a name="module_curl">curl</a></h2>
<table>
<tr><td class="e">cURL support </td><td class="v">enabled </td></tr>
<tr><td class="e">cURL Information </td><td class="v">7.61.1 </td></tr>
<tr><td class="e">Age </td><td class="v">4 </td></tr>
<tr><td class="e">Features </td></tr>
<tr><td class="e">AsynchDNS </td><td class="v">Yes </td></tr>
<tr><td class="e">CharConv </td><td class="v">No </td></tr>
<tr><td class="e">Debug </td><td class="v">No </td></tr>
<tr><td class="e">GSS-Negotiate </td><td class="v">No </td></tr>
<tr><td class="e">IDN </td><td class="v">Yes </td></tr>
<tr><td class="e">IPv6 </td><td class="v">Yes </td></tr>
<tr><td class="e">krb4 </td><td class="v">No </td></tr>
<tr><td class="e">Largefile </td><td class="v">Yes </td></tr>
<tr><td class="e">libz </td><td class="v">Yes </td></tr>
<tr><td class="e">NTLM </td><td class="v">Yes </td></tr>
<tr><td class="e">NTLMWB </td><td class="v">Yes </td></tr>
<tr><td class="e">SPNEGO </td><td class="v">Yes </td></tr>
<tr><td class="e">SSL </td><td class="v">Yes </td></tr>
<tr><td class="e">SSPI </td><td class="v">No </td></tr>
<tr><td class="e">TLS-SRP </td><td class="v">Yes </td></tr>
<tr><td class="e">HTTP2 </td><td class="v">Yes </td></tr>
<tr><td class="e">GSSAPI </td><td class="v">Yes </td></tr>
<tr><td class="e">KERBEROS5 </td><td class="v">Yes </td></tr>
<tr><td class="e">UNIX_SOCKETS </td><td class="v">Yes </td></tr>
<tr><td class="e">PSL </td><td class="v">Yes </td></tr>
<tr><td class="e">Protocols </td><td class="v">dict, file, ftp, ftps, gopher, http, https, imap, imaps, ldap, ldaps, pop3, pop3s, rtsp, scp, sftp, smb, smbs, smtp, smtps, telnet, tftp </td></tr>
<tr><td class="e">Host </td><td class="v">x86_64-redhat-linux-gnu </td></tr>
<tr><td class="e">SSL Version </td><td class="v">OpenSSL/1.1.1 </td></tr>
<tr><td class="e">ZLib Version </td><td class="v">1.2.11 </td></tr>
<tr><td class="e">libSSH Version </td><td class="v">libssh/0.8.5/openssl/zlib </td></tr>
</table>
<h2><a name="module_date">date</a></h2>
<table>
<tr><td class="e">date/time support </td><td class="v">enabled </td></tr>
<tr><td class="e">timelib version </td><td class="v">2017.06 </td></tr>
<tr><td class="e">&quot;Olson&quot; Timezone Database Version </td><td class="v">0.system </td></tr>
<tr><td class="e">Timezone Database </td><td class="v">internal </td></tr>
<tr><td class="e">Default timezone </td><td class="v">UTC </td></tr>
</table>
<table>
<tr class="h"><th>Directive</th><th>Local Value</th><th>Master Value</th></tr>
<tr><td class="e">date.default_latitude</td><td class="v">31.7667</td><td class="v">31.7667</td></tr>
<tr><td class="e">date.default_longitude</td><td class="v">35.2333</td><td class="v">35.2333</td></tr>
<tr><td class="e">date.sunrise_zenith</td><td class="v">90.583333</td><td class="v">90.583333</td></tr>
<tr><td class="e">date.sunset_zenith</td><td class="v">90.583333</td><td class="v">90.583333</td></tr>
<tr><td class="e">date.timezone</td><td class="v"><i>no value</i></td><td class="v"><i>no value</i></td></tr>
</table>
<h2><a name="module_exif">exif</a></h2>
<table>
<tr><td class="e">EXIF Support </td><td class="v">enabled </td></tr>
<tr><td class="e">EXIF Version </td><td class="v">7.2.11 </td></tr>
<tr><td class="e">Supported EXIF Version </td><td class="v">0220 </td></tr>
<tr><td class="e">Supported filetypes </td><td class="v">JPEG, TIFF </td></tr>
<tr><td class="e">Multibyte decoding support using mbstring </td><td class="v">disabled </td></tr>
<tr><td class="e">Extended EXIF tag formats </td><td class="v">Canon, Casio, Fujifilm, Nikon, Olympus, Samsung, Panasonic, DJI, Sony, Pentax, Minolta, Sigma, Foveon, Kyocera, Ricoh, AGFA, Epson </td></tr>
</table>
<table>
<tr class="h"><th>Directive</th><th>Local Value</th><th>Master Value</th></tr>
<tr><td class="e">exif.decode_jis_intel</td><td class="v">JIS</td><td class="v">JIS</td></tr>
<tr><td class="e">exif.decode_jis_motorola</td><td class="v">JIS</td><td class="v">JIS</td></tr>
<tr><td class="e">exif.decode_unicode_intel</td><td class="v">UCS-2LE</td><td class="v">UCS-2LE</td></tr>
<tr><td class="e">exif.decode_unicode_motorola</td><td class="v">UCS-2BE</td><td class="v">UCS-2BE</td></tr>
<tr><td class="e">exif.encode_jis</td><td class="v"><i>no value</i></td><td class="v"><i>no value</i></td></tr>
<tr><td class="e">exif.encode_unicode</td><td class="v">ISO-8859-15</td><td class="v">ISO-8859-15</td></tr>
</table>
<h2><a name="module_fileinfo">fileinfo</a></h2>
<table>
<tr><td class="e">fileinfo support </td><td class="v">enabled </td></tr>
<tr><td class="e">version </td><td class="v">1.0.5 </td></tr>
<tr><td class="e">libmagic </td><td class="v">531 </td></tr>
</table>
<h2><a name="module_filter">filter</a></h2>
<table>
<tr><td class="e">Input Validation and Filtering </td><td class="v">enabled </td></tr>
<tr><td class="e">Revision </td><td class="v">$Id: 5a34caaa246b9df197f4b43af8ac66a07464fe4b $ </td></tr>
</table>
<table>
<tr class="h"><th>Directive</th><th>Local Value</th><th>Master Value</th></tr>
<tr><td class="e">filter.default</td><td class="v">unsafe_raw</td><td class="v">unsafe_raw</td></tr>
<tr><td class="e">filter.default_flags</td><td class="v"><i>no value</i></td><td class="v"><i>no value</i></td></tr>
</table>
<h2><a name="module_ftp">ftp</a></h2>
<table>
<tr><td class="e">FTP support </td><td class="v">enabled </td></tr>
<tr><td class="e">FTPS support </td><td class="v">enabled </td></tr>
</table>
<h2><a name="module_gettext">gettext</a></h2>
<table>
<tr><td class="e">GetText Support </td><td class="v">enabled </td></tr>
</table>
<h2><a name="module_hash">hash</a></h2>
<table>
<tr><td class="e">hash support </td><td class="v">enabled </td></tr>
<tr><td class="e">Hashing Engines </td><td class="v">md2 md4 md5 sha1 sha224 sha256 sha384 sha512/224 sha512/256 sha512 sha3-224 sha3-256 sha3-384 sha3-512 ripemd128 ripemd160 ripemd256 ripemd320 whirlpool tiger128,3 tiger160,3 tiger192,3 tiger128,4 tiger160,4 tiger192,4 snefru snefru256 gost gost-crypto adler32 crc32 crc32b fnv132 fnv1a32 fnv164 fnv1a64 joaat haval128,3 haval160,3 haval192,3 haval224,3 haval256,3 haval128,4 haval160,4 haval192,4 haval224,4 haval256,4 haval128,5 haval160,5 haval192,5 haval224,5 haval256,5  </td></tr>
</table>
<table>
<tr><td class="e">MHASH support </td><td class="v">Enabled </td></tr>
<tr><td class="e">MHASH API Version </td><td class="v">Emulated Support </td></tr>
</table>
<h2><a name="module_iconv">iconv</a></h2>
<table>
<tr><td class="e">iconv support </td><td class="v">enabled </td></tr>
<tr><td class="e">iconv implementation </td><td class="v">glibc </td></tr>
<tr><td class="e">iconv library version </td><td class="v">2.28 </td></tr>
</table>
<table>
<tr class="h"><th>Directive</th><th>Local Value</th><th>Master Value</th></tr>
<tr><td class="e">iconv.input_encoding</td><td class="v"><i>no value</i></td><td class="v"><i>no value</i></td></tr>
<tr><td class="e">iconv.internal_encoding</td><td class="v"><i>no value</i></td><td class="v"><i>no value</i></td></tr>
<tr><td class="e">iconv.output_encoding</td><td class="v"><i>no value</i></td><td class="v"><i>no value</i></td></tr>
</table>
<h2><a name="module_libxml">libxml</a></h2>
<table>
<tr><td class="e">libXML support </td><td class="v">active </td></tr>
<tr><td class="e">libXML Compiled Version </td><td class="v">2.9.7 </td></tr>
<tr><td class="e">libXML Loaded Version </td><td class="v">20907 </td></tr>
<tr><td class="e">libXML streams </td><td class="v">enabled </td></tr>
</table>
<h2><a name="module_openssl">openssl</a></h2>
<table>
<tr><td class="e">OpenSSL support </td><td class="v">enabled </td></tr>
<tr><td class="e">OpenSSL Library Version </td><td class="v">OpenSSL 1.1.1 FIPS  11 Sep 2018 </td></tr>
<tr><td class="e">OpenSSL Header Version </td><td class="v">OpenSSL 1.1.1 FIPS  11 Sep 2018 </td></tr>
<tr><td class="e">Openssl default config </td><td class="v">/etc/pki/tls/openssl.cnf </td></tr>
</table>
<table>
<tr class="h"><th>Directive</th><th>Local Value</th><th>Master Value</th></tr>
<tr><td class="e">openssl.cafile</td><td class="v"><i>no value</i></td><td class="v"><i>no value</i></td></tr>
<tr><td class="e">openssl.capath</td><td class="v"><i>no value</i></td><td class="v"><i>no value</i></td></tr>
</table>
<h2><a name="module_pcre">pcre</a></h2>
<table>
<tr><td class="e">PCRE (Perl Compatible Regular Expressions) Support </td><td class="v">enabled </td></tr>
<tr><td class="e">PCRE Library Version </td><td class="v">8.42 2018-03-20 </td></tr>
<tr><td class="e">PCRE JIT Support </td><td class="v">enabled </td></tr>
</table>
<table>
<tr class="h"><th>Directive</th><th>Local Value</th><th>Master Value</th></tr>
<tr><td class="e">pcre.backtrack_limit</td><td class="v">1000000</td><td class="v">1000000</td></tr>
<tr><td class="e">pcre.jit</td><td class="v">0</td><td class="v">0</td></tr>
<tr><td class="e">pcre.recursion_limit</td><td class="v">100000</td><td class="v">100000</td></tr>
</table>
<h2><a name="module_phar">Phar</a></h2>
<table>
<tr class="h"><th>Phar: PHP Archive support</th><th>enabled</th></tr>
<tr><td class="e">Phar EXT version </td><td class="v">2.0.2 </td></tr>
<tr><td class="e">Phar API version </td><td class="v">1.1.1 </td></tr>
<tr><td class="e">SVN revision </td><td class="v">$Id: 11c9d270a69dbd9589cbea10a0ad9731a286a147 $ </td></tr>
<tr><td class="e">Phar-based phar archives </td><td class="v">enabled </td></tr>
<tr><td class="e">Tar-based phar archives </td><td class="v">enabled </td></tr>
<tr><td class="e">ZIP-based phar archives </td><td class="v">enabled </td></tr>
<tr><td class="e">gzip compression </td><td class="v">enabled </td></tr>
<tr><td class="e">bzip2 compression </td><td class="v">enabled </td></tr>
<tr><td class="e">Native OpenSSL support </td><td class="v">enabled </td></tr>
</table>
<table>
<tr class="v"><td>
Phar based on pear/PHP_Archive, original concept by Davey Shafik.<br />Phar fully realized by Gregory Beaver and Marcus Boerger.<br />Portions of tar implementation Copyright (c) 2003-2009 Tim Kientzle.</td></tr>
</table>
<table>
<tr class="h"><th>Directive</th><th>Local Value</th><th>Master Value</th></tr>
<tr><td class="e">phar.cache_list</td><td class="v"><i>no value</i></td><td class="v"><i>no value</i></td></tr>
<tr><td class="e">phar.readonly</td><td class="v">On</td><td class="v">On</td></tr>
<tr><td class="e">phar.require_hash</td><td class="v">On</td><td class="v">On</td></tr>
</table>
<h2><a name="module_reflection">Reflection</a></h2>
<table>
<tr class="h"><th>Reflection</th><th>enabled</th></tr>
<tr><td class="e">Version </td><td class="v">$Id: 3bd31e48a84f686e08d99aa98943ae42bea65682 $ </td></tr>
</table>
<h2><a name="module_session">session</a></h2>
<table>
<tr><td class="e">Session Support </td><td class="v">enabled </td></tr>
<tr><td class="e">Registered save handlers </td><td class="v">files user  </td></tr>
<tr><td class="e">Registered serializer handlers </td><td class="v">php_serialize php php_binary  </td></tr>
</table>
<table>
<tr class="h"><th>Directive</th><th>Local Value</th><th>Master Value</th></tr>
<tr><td class="e">session.auto_start</td><td class="v">Off</td><td class="v">Off</td></tr>
<tr><td class="e">session.cache_expire</td><td class="v">180</td><td class="v">180</td></tr>
<tr><td class="e">session.cache_limiter</td><td class="v">nocache</td><td class="v">nocache</td></tr>
<tr><td class="e">session.cookie_domain</td><td class="v"><i>no value</i></td><td class="v"><i>no value</i></td></tr>
<tr><td class="e">session.cookie_httponly</td><td class="v"><i>no value</i></td><td class="v"><i>no value</i></td></tr>
<tr><td class="e">session.cookie_lifetime</td><td class="v">0</td><td class="v">0</td></tr>
<tr><td class="e">session.cookie_path</td><td class="v">/</td><td class="v">/</td></tr>
<tr><td class="e">session.cookie_secure</td><td class="v">0</td><td class="v">0</td></tr>
<tr><td class="e">session.gc_divisor</td><td class="v">1000</td><td class="v">1000</td></tr>
<tr><td class="e">session.gc_maxlifetime</td><td class="v">1440</td><td class="v">1440</td></tr>
<tr><td class="e">session.gc_probability</td><td class="v">1</td><td class="v">1</td></tr>
<tr><td class="e">session.lazy_write</td><td class="v">On</td><td class="v">On</td></tr>
<tr><td class="e">session.name</td><td class="v">PHPSESSID</td><td class="v">PHPSESSID</td></tr>
<tr><td class="e">session.referer_check</td><td class="v"><i>no value</i></td><td class="v"><i>no value</i></td></tr>
<tr><td class="e">session.save_handler</td><td class="v">files</td><td class="v">files</td></tr>
<tr><td class="e">session.save_path</td><td class="v">/var/lib/php/session</td><td class="v">/var/lib/php/session</td></tr>
<tr><td class="e">session.serialize_handler</td><td class="v">php</td><td class="v">php</td></tr>
<tr><td class="e">session.sid_bits_per_character</td><td class="v">5</td><td class="v">5</td></tr>
<tr><td class="e">session.sid_length</td><td class="v">26</td><td class="v">26</td></tr>
<tr><td class="e">session.upload_progress.cleanup</td><td class="v">On</td><td class="v">On</td></tr>
<tr><td class="e">session.upload_progress.enabled</td><td class="v">On</td><td class="v">On</td></tr>
<tr><td class="e">session.upload_progress.freq</td><td class="v">1%</td><td class="v">1%</td></tr>
<tr><td class="e">session.upload_progress.min_freq</td><td class="v">1</td><td class="v">1</td></tr>
<tr><td class="e">session.upload_progress.name</td><td class="v">PHP_SESSION_UPLOAD_PROGRESS</td><td class="v">PHP_SESSION_UPLOAD_PROGRESS</td></tr>
<tr><td class="e">session.upload_progress.prefix</td><td class="v">upload_progress_</td><td class="v">upload_progress_</td></tr>
<tr><td class="e">session.use_cookies</td><td class="v">1</td><td class="v">1</td></tr>
<tr><td class="e">session.use_only_cookies</td><td class="v">1</td><td class="v">1</td></tr>
<tr><td class="e">session.use_strict_mode</td><td class="v">0</td><td class="v">0</td></tr>
<tr><td class="e">session.use_trans_sid</td><td class="v">0</td><td class="v">0</td></tr>
</table>
<h2><a name="module_sockets">sockets</a></h2>
<table>
<tr><td class="e">Sockets Support </td><td class="v">enabled </td></tr>
</table>
<h2><a name="module_spl">SPL</a></h2>
<table>
<tr class="h"><th>SPL support</th><th>enabled</th></tr>
<tr><td class="e">Interfaces </td><td class="v">OuterIterator, RecursiveIterator, SeekableIterator, SplObserver, SplSubject </td></tr>
<tr><td class="e">Classes </td><td class="v">AppendIterator, ArrayIterator, ArrayObject, BadFunctionCallException, BadMethodCallException, CachingIterator, CallbackFilterIterator, DirectoryIterator, DomainException, EmptyIterator, FilesystemIterator, FilterIterator, GlobIterator, InfiniteIterator, InvalidArgumentException, IteratorIterator, LengthException, LimitIterator, LogicException, MultipleIterator, NoRewindIterator, OutOfBoundsException, OutOfRangeException, OverflowException, ParentIterator, RangeException, RecursiveArrayIterator, RecursiveCachingIterator, RecursiveCallbackFilterIterator, RecursiveDirectoryIterator, RecursiveFilterIterator, RecursiveIteratorIterator, RecursiveRegexIterator, RecursiveTreeIterator, RegexIterator, RuntimeException, SplDoublyLinkedList, SplFileInfo, SplFileObject, SplFixedArray, SplHeap, SplMinHeap, SplMaxHeap, SplObjectStorage, SplPriorityQueue, SplQueue, SplStack, SplTempFileObject, UnderflowException, UnexpectedValueException </td></tr>
</table>
<h2><a name="module_standard">standard</a></h2>
<table>
<tr><td class="e">Dynamic Library Support </td><td class="v">enabled </td></tr>
<tr><td class="e">Path to sendmail </td><td class="v">/usr/sbin/sendmail -t -i </td></tr>
</table>
<table>
<tr class="h"><th>Directive</th><th>Local Value</th><th>Master Value</th></tr>
<tr><td class="e">assert.active</td><td class="v">1</td><td class="v">1</td></tr>
<tr><td class="e">assert.bail</td><td class="v">0</td><td class="v">0</td></tr>
<tr><td class="e">assert.callback</td><td class="v"><i>no value</i></td><td class="v"><i>no value</i></td></tr>
<tr><td class="e">assert.exception</td><td class="v">0</td><td class="v">0</td></tr>
<tr><td class="e">assert.quiet_eval</td><td class="v">0</td><td class="v">0</td></tr>
<tr><td class="e">assert.warning</td><td class="v">1</td><td class="v">1</td></tr>
<tr><td class="e">auto_detect_line_endings</td><td class="v">0</td><td class="v">0</td></tr>
<tr><td class="e">default_socket_timeout</td><td class="v">60</td><td class="v">60</td></tr>
<tr><td class="e">from</td><td class="v"><i>no value</i></td><td class="v"><i>no value</i></td></tr>
<tr><td class="e">session.trans_sid_hosts</td><td class="v"><i>no value</i></td><td class="v"><i>no value</i></td></tr>
<tr><td class="e">session.trans_sid_tags</td><td class="v">a=href,area=href,frame=src,form=</td><td class="v">a=href,area=href,frame=src,form=</td></tr>
<tr><td class="e">url_rewriter.hosts</td><td class="v"><i>no value</i></td><td class="v"><i>no value</i></td></tr>
<tr><td class="e">url_rewriter.tags</td><td class="v">form=</td><td class="v">form=</td></tr>
<tr><td class="e">user_agent</td><td class="v"><i>no value</i></td><td class="v"><i>no value</i></td></tr>
</table>
<h2><a name="module_tokenizer">tokenizer</a></h2>
<table>
<tr><td class="e">Tokenizer Support </td><td class="v">enabled </td></tr>
</table>
<h2><a name="module_zlib">zlib</a></h2>
<table>
<tr class="h"><th>ZLib Support</th><th>enabled</th></tr>
<tr><td class="e">Stream Wrapper </td><td class="v">compress.zlib:// </td></tr>
<tr><td class="e">Stream Filter </td><td class="v">zlib.inflate, zlib.deflate </td></tr>
<tr><td class="e">Compiled Version </td><td class="v">1.2.11 </td></tr>
<tr><td class="e">Linked Version </td><td class="v">1.2.11 </td></tr>
</table>
<table>
<tr class="h"><th>Directive</th><th>Local Value</th><th>Master Value</th></tr>
<tr><td class="e">zlib.output_compression</td><td class="v">Off</td><td class="v">Off</td></tr>
<tr><td class="e">zlib.output_compression_level</td><td class="v">-1</td><td class="v">-1</td></tr>
<tr><td class="e">zlib.output_handler</td><td class="v"><i>no value</i></td><td class="v"><i>no value</i></td></tr>
</table>
<h2>Additional Modules</h2>
<table>
<tr class="h"><th>Module Name</th></tr>
</table>
<h2>Environment</h2>
<table>
<tr class="h"><th>Variable</th><th>Value</th></tr>
<tr><td class="e">USER </td><td class="v">1000680000 </td></tr>
<tr><td class="e">HOME </td><td class="v">/ </td></tr>
</table>
<h2>PHP Variables</h2>
<table>
<tr class="h"><th>Variable</th><th>Value</th></tr>
<tr><td class="e">$_SERVER['USER']</td><td class="v">1000680000</td></tr>
<tr><td class="e">$_SERVER['HOME']</td><td class="v">/</td></tr>
<tr><td class="e">$_SERVER['SCRIPT_NAME']</td><td class="v">/index.php</td></tr>
<tr><td class="e">$_SERVER['REQUEST_URI']</td><td class="v">/</td></tr>
<tr><td class="e">$_SERVER['QUERY_STRING']</td><td class="v"><i>no value</i></td></tr>
<tr><td class="e">$_SERVER['REQUEST_METHOD']</td><td class="v">GET</td></tr>
<tr><td class="e">$_SERVER['SERVER_PROTOCOL']</td><td class="v">HTTP/1.1</td></tr>
<tr><td class="e">$_SERVER['GATEWAY_INTERFACE']</td><td class="v">CGI/1.1</td></tr>
<tr><td class="e">$_SERVER['REMOTE_PORT']</td><td class="v">34924</td></tr>
<tr><td class="e">$_SERVER['SCRIPT_FILENAME']</td><td class="v">/var/www/html/index.php</td></tr>
<tr><td class="e">$_SERVER['SERVER_ADMIN']</td><td class="v">root@localhost</td></tr>
<tr><td class="e">$_SERVER['CONTEXT_DOCUMENT_ROOT']</td><td class="v">/var/www/html</td></tr>
<tr><td class="e">$_SERVER['CONTEXT_PREFIX']</td><td class="v"><i>no value</i></td></tr>
<tr><td class="e">$_SERVER['REQUEST_SCHEME']</td><td class="v">http</td></tr>
<tr><td class="e">$_SERVER['DOCUMENT_ROOT']</td><td class="v">/var/www/html</td></tr>
<tr><td class="e">$_SERVER['REMOTE_ADDR']</td><td class="v">10.8.0.1</td></tr>
<tr><td class="e">$_SERVER['SERVER_PORT']</td><td class="v">80</td></tr>
<tr><td class="e">$_SERVER['SERVER_ADDR']</td><td class="v">10.8.0.63</td></tr>
<tr><td class="e">$_SERVER['SERVER_NAME']</td><td class="v">info-developer-expose-image.apps.ocp4.example.com</td></tr>
<tr><td class="e">$_SERVER['SERVER_SOFTWARE']</td><td class="v">Apache/2.4.37 (Red Hat Enterprise Linux)</td></tr>
<tr><td class="e">$_SERVER['SERVER_SIGNATURE']</td><td class="v"><i>no value</i></td></tr>
<tr><td class="e">$_SERVER['PATH']</td><td class="v">/usr/local/sbin:/usr/local/bin:/usr/sbin:/usr/bin:/sbin:/bin</td></tr>
<tr><td class="e">$_SERVER['HTTP_X_FORWARDED_FOR']</td><td class="v">192.168.50.254</td></tr>
<tr><td class="e">$_SERVER['HTTP_FORWARDED']</td><td class="v">for=192.168.50.254;host=info-developer-expose-image.apps.ocp4.example.com;proto=http</td></tr>
<tr><td class="e">$_SERVER['HTTP_X_FORWARDED_PROTO']</td><td class="v">http</td></tr>
<tr><td class="e">$_SERVER['HTTP_X_FORWARDED_PORT']</td><td class="v">80</td></tr>
<tr><td class="e">$_SERVER['HTTP_X_FORWARDED_HOST']</td><td class="v">info-developer-expose-image.apps.ocp4.example.com</td></tr>
<tr><td class="e">$_SERVER['HTTP_HOST']</td><td class="v">info-developer-expose-image.apps.ocp4.example.com</td></tr>
<tr><td class="e">$_SERVER['HTTP_ACCEPT']</td><td class="v">*/*</td></tr>
<tr><td class="e">$_SERVER['HTTP_USER_AGENT']</td><td class="v">curl/7.61.1</td></tr>
<tr><td class="e">$_SERVER['proxy-nokeepalive']</td><td class="v">1</td></tr>
<tr><td class="e">$_SERVER['UNIQUE_ID']</td><td class="v">Yz9U3KSKCSIVWgL@m0344AAAAAA</td></tr>
<tr><td class="e">$_SERVER['FCGI_ROLE']</td><td class="v">RESPONDER</td></tr>
<tr><td class="e">$_SERVER['PHP_SELF']</td><td class="v">/index.php</td></tr>
<tr><td class="e">$_SERVER['REQUEST_TIME_FLOAT']</td><td class="v">1665094876.2069</td></tr>
<tr><td class="e">$_SERVER['REQUEST_TIME']</td><td class="v">1665094876</td></tr>
</table>
<hr />
<h1>PHP Credits</h1>
<table>
<tr class="h"><th>PHP Group</th></tr>
<tr><td class="e">Thies C. Arntzen, Stig Bakken, Shane Caraveo, Andi Gutmans, Rasmus Lerdorf, Sam Ruby, Sascha Schumann, Zeev Suraski, Jim Winstead, Andrei Zmievski </td></tr>
</table>
<table>
<tr class="h"><th>Language Design &amp; Concept</th></tr>
<tr><td class="e">Andi Gutmans, Rasmus Lerdorf, Zeev Suraski, Marcus Boerger </td></tr>
</table>
<table>
<tr class="h"><th colspan="2">PHP Authors</th></tr>
<tr class="h"><th>Contribution</th><th>Authors</th></tr>
<tr><td class="e">Zend Scripting Language Engine </td><td class="v">Andi Gutmans, Zeev Suraski, Stanislav Malyshev, Marcus Boerger, Dmitry Stogov, Xinchen Hui, Nikita Popov </td></tr>
<tr><td class="e">Extension Module API </td><td class="v">Andi Gutmans, Zeev Suraski, Andrei Zmievski </td></tr>
<tr><td class="e">UNIX Build and Modularization </td><td class="v">Stig Bakken, Sascha Schumann, Jani Taskinen </td></tr>
<tr><td class="e">Windows Support </td><td class="v">Shane Caraveo, Zeev Suraski, Wez Furlong, Pierre-Alain Joye, Anatol Belski, Kalle Sommer Nielsen </td></tr>
<tr><td class="e">Server API (SAPI) Abstraction Layer </td><td class="v">Andi Gutmans, Shane Caraveo, Zeev Suraski </td></tr>
<tr><td class="e">Streams Abstraction Layer </td><td class="v">Wez Furlong, Sara Golemon </td></tr>
<tr><td class="e">PHP Data Objects Layer </td><td class="v">Wez Furlong, Marcus Boerger, Sterling Hughes, George Schlossnagle, Ilia Alshanetsky </td></tr>
<tr><td class="e">Output Handler </td><td class="v">Zeev Suraski, Thies C. Arntzen, Marcus Boerger, Michael Wallner </td></tr>
<tr><td class="e">Consistent 64 bit support </td><td class="v">Anthony Ferrara, Anatol Belski </td></tr>
</table>
<table>
<tr class="h"><th colspan="2">SAPI Modules</th></tr>
<tr class="h"><th>Contribution</th><th>Authors</th></tr>
<tr><td class="e">Apache 2.0 Handler </td><td class="v">Ian Holsman, Justin Erenkrantz (based on Apache 2.0 Filter code) </td></tr>
<tr><td class="e">CGI / FastCGI </td><td class="v">Rasmus Lerdorf, Stig Bakken, Shane Caraveo, Dmitry Stogov </td></tr>
<tr><td class="e">CLI </td><td class="v">Edin Kadribasic, Marcus Boerger, Johannes Schlueter, Moriyoshi Koizumi, Xinchen Hui </td></tr>
<tr><td class="e">Embed </td><td class="v">Edin Kadribasic </td></tr>
<tr><td class="e">FastCGI Process Manager </td><td class="v">Andrei Nigmatulin, dreamcat4, Antony Dovgal, Jerome Loyet </td></tr>
<tr><td class="e">litespeed </td><td class="v">George Wang </td></tr>
<tr><td class="e">phpdbg </td><td class="v">Felipe Pena, Joe Watkins, Bob Weinand </td></tr>
</table>
<table>
<tr class="h"><th colspan="2">Module Authors</th></tr>
<tr class="h"><th>Module</th><th>Authors</th></tr>
<tr><td class="e">BC Math </td><td class="v">Andi Gutmans </td></tr>
<tr><td class="e">Bzip2 </td><td class="v">Sterling Hughes </td></tr>
<tr><td class="e">Calendar </td><td class="v">Shane Caraveo, Colin Viebrock, Hartmut Holzgraefe, Wez Furlong </td></tr>
<tr><td class="e">COM and .Net </td><td class="v">Wez Furlong </td></tr>
<tr><td class="e">ctype </td><td class="v">Hartmut Holzgraefe </td></tr>
<tr><td class="e">cURL </td><td class="v">Sterling Hughes </td></tr>
<tr><td class="e">Date/Time Support </td><td class="v">Derick Rethans </td></tr>
<tr><td class="e">DB-LIB (MS SQL, Sybase) </td><td class="v">Wez Furlong, Frank M. Kromann, Adam Baratz </td></tr>
<tr><td class="e">DBA </td><td class="v">Sascha Schumann, Marcus Boerger </td></tr>
<tr><td class="e">DOM </td><td class="v">Christian Stocker, Rob Richards, Marcus Boerger </td></tr>
<tr><td class="e">enchant </td><td class="v">Pierre-Alain Joye, Ilia Alshanetsky </td></tr>
<tr><td class="e">EXIF </td><td class="v">Rasmus Lerdorf, Marcus Boerger </td></tr>
<tr><td class="e">fileinfo </td><td class="v">Ilia Alshanetsky, Pierre Alain Joye, Scott MacVicar, Derick Rethans, Anatol Belski </td></tr>
<tr><td class="e">Firebird driver for PDO </td><td class="v">Ard Biesheuvel </td></tr>
<tr><td class="e">FTP </td><td class="v">Stefan Esser, Andrew Skalski </td></tr>
<tr><td class="e">GD imaging </td><td class="v">Rasmus Lerdorf, Stig Bakken, Jim Winstead, Jouni Ahto, Ilia Alshanetsky, Pierre-Alain Joye, Marcus Boerger </td></tr>
<tr><td class="e">GetText </td><td class="v">Alex Plotnick </td></tr>
<tr><td class="e">GNU GMP support </td><td class="v">Stanislav Malyshev </td></tr>
<tr><td class="e">Iconv </td><td class="v">Rui Hirokawa, Stig Bakken, Moriyoshi Koizumi  </td></tr>
<tr><td class="e">IMAP </td><td class="v">Rex Logan, Mark Musone, Brian Wang, Kaj-Michael Lang, Antoni Pamies Olive, Rasmus Lerdorf, Andrew Skalski, Chuck Hagenbuch, Daniel R Kalowsky </td></tr>
<tr><td class="e">Input Filter </td><td class="v">Rasmus Lerdorf, Derick Rethans, Pierre-Alain Joye, Ilia Alshanetsky </td></tr>
<tr><td class="e">InterBase </td><td class="v">Jouni Ahto, Andrew Avdeev, Ard Biesheuvel </td></tr>
<tr><td class="e">Internationalization </td><td class="v">Ed Batutis, Vladimir Iordanov, Dmitry Lakhtyuk, Stanislav Malyshev, Vadim Savchuk, Kirti Velankar </td></tr>
<tr><td class="e">JSON </td><td class="v">Jakub Zelenka, Omar Kilani, Scott MacVicar </td></tr>
<tr><td class="e">LDAP </td><td class="v">Amitay Isaacs, Eric Warnke, Rasmus Lerdorf, Gerrit Thomson, Stig Venaas </td></tr>
<tr><td class="e">LIBXML </td><td class="v">Christian Stocker, Rob Richards, Marcus Boerger, Wez Furlong, Shane Caraveo </td></tr>
<tr><td class="e">Multibyte String Functions </td><td class="v">Tsukada Takuya, Rui Hirokawa </td></tr>
<tr><td class="e">MySQL driver for PDO </td><td class="v">George Schlossnagle, Wez Furlong, Ilia Alshanetsky, Johannes Schlueter </td></tr>
<tr><td class="e">MySQLi </td><td class="v">Zak Greant, Georg Richter, Andrey Hristov, Ulf Wendel </td></tr>
<tr><td class="e">MySQLnd </td><td class="v">Andrey Hristov, Ulf Wendel, Georg Richter, Johannes Schlüter </td></tr>
<tr><td class="e">OCI8 </td><td class="v">Stig Bakken, Thies C. Arntzen, Andy Sautins, David Benson, Maxim Maletsky, Harald Radi, Antony Dovgal, Andi Gutmans, Wez Furlong, Christopher Jones, Oracle Corporation </td></tr>
<tr><td class="e">ODBC driver for PDO </td><td class="v">Wez Furlong </td></tr>
<tr><td class="e">ODBC </td><td class="v">Stig Bakken, Andreas Karajannis, Frank M. Kromann, Daniel R. Kalowsky </td></tr>
<tr><td class="e">Opcache </td><td class="v">Andi Gutmans, Zeev Suraski, Stanislav Malyshev, Dmitry Stogov, Xinchen Hui </td></tr>
<tr><td class="e">OpenSSL </td><td class="v">Stig Venaas, Wez Furlong, Sascha Kettler, Scott MacVicar </td></tr>
<tr><td class="e">Oracle (OCI) driver for PDO </td><td class="v">Wez Furlong </td></tr>
<tr><td class="e">pcntl </td><td class="v">Jason Greene, Arnaud Le Blanc </td></tr>
<tr><td class="e">Perl Compatible Regexps </td><td class="v">Andrei Zmievski </td></tr>
<tr><td class="e">PHP Archive </td><td class="v">Gregory Beaver, Marcus Boerger </td></tr>
<tr><td class="e">PHP Data Objects </td><td class="v">Wez Furlong, Marcus Boerger, Sterling Hughes, George Schlossnagle, Ilia Alshanetsky </td></tr>
<tr><td class="e">PHP hash </td><td class="v">Sara Golemon, Rasmus Lerdorf, Stefan Esser, Michael Wallner, Scott MacVicar </td></tr>
<tr><td class="e">Posix </td><td class="v">Kristian Koehntopp </td></tr>
<tr><td class="e">PostgreSQL driver for PDO </td><td class="v">Edin Kadribasic, Ilia Alshanetsky </td></tr>
<tr><td class="e">PostgreSQL </td><td class="v">Jouni Ahto, Zeev Suraski, Yasuo Ohgaki, Chris Kings-Lynne </td></tr>
<tr><td class="e">Pspell </td><td class="v">Vlad Krupin </td></tr>
<tr><td class="e">Readline </td><td class="v">Thies C. Arntzen </td></tr>
<tr><td class="e">Recode </td><td class="v">Kristian Koehntopp </td></tr>
<tr><td class="e">Reflection </td><td class="v">Marcus Boerger, Timm Friebe, George Schlossnagle, Andrei Zmievski, Johannes Schlueter </td></tr>
<tr><td class="e">Sessions </td><td class="v">Sascha Schumann, Andrei Zmievski </td></tr>
<tr><td class="e">Shared Memory Operations </td><td class="v">Slava Poliakov, Ilia Alshanetsky </td></tr>
<tr><td class="e">SimpleXML </td><td class="v">Sterling Hughes, Marcus Boerger, Rob Richards </td></tr>
<tr><td class="e">SNMP </td><td class="v">Rasmus Lerdorf, Harrie Hazewinkel, Mike Jackson, Steven Lawrance, Johann Hanne, Boris Lytochkin </td></tr>
<tr><td class="e">SOAP </td><td class="v">Brad Lafountain, Shane Caraveo, Dmitry Stogov </td></tr>
<tr><td class="e">Sockets </td><td class="v">Chris Vandomelen, Sterling Hughes, Daniel Beulshausen, Jason Greene </td></tr>
<tr><td class="e">Sodium </td><td class="v">Frank Denis </td></tr>
<tr><td class="e">SPL </td><td class="v">Marcus Boerger, Etienne Kneuss </td></tr>
<tr><td class="e">SQLite 3.x driver for PDO </td><td class="v">Wez Furlong </td></tr>
<tr><td class="e">SQLite3 </td><td class="v">Scott MacVicar, Ilia Alshanetsky, Brad Dewar </td></tr>
<tr><td class="e">System V Message based IPC </td><td class="v">Wez Furlong </td></tr>
<tr><td class="e">System V Semaphores </td><td class="v">Tom May </td></tr>
<tr><td class="e">System V Shared Memory </td><td class="v">Christian Cartus </td></tr>
<tr><td class="e">tidy </td><td class="v">John Coggeshall, Ilia Alshanetsky </td></tr>
<tr><td class="e">tokenizer </td><td class="v">Andrei Zmievski, Johannes Schlueter </td></tr>
<tr><td class="e">WDDX </td><td class="v">Andrei Zmievski </td></tr>
<tr><td class="e">XML </td><td class="v">Stig Bakken, Thies C. Arntzen, Sterling Hughes </td></tr>
<tr><td class="e">XMLReader </td><td class="v">Rob Richards </td></tr>
<tr><td class="e">xmlrpc </td><td class="v">Dan Libby </td></tr>
<tr><td class="e">XMLWriter </td><td class="v">Rob Richards, Pierre-Alain Joye </td></tr>
<tr><td class="e">XSL </td><td class="v">Christian Stocker, Rob Richards </td></tr>
<tr><td class="e">Zip </td><td class="v">Pierre-Alain Joye, Remi Collet </td></tr>
<tr><td class="e">Zlib </td><td class="v">Rasmus Lerdorf, Stefan Roehrich, Zeev Suraski, Jade Nicoletti, Michael Wallner </td></tr>
</table>
<table>
<tr class="h"><th colspan="2">PHP Documentation</th></tr>
<tr><td class="e">Authors </td><td class="v">Mehdi Achour, Friedhelm Betz, Antony Dovgal, Nuno Lopes, Hannes Magnusson, Philip Olson, Georg Richter, Damien Seguy, Jakub Vrana, Adam Harvey </td></tr>
<tr><td class="e">Editor </td><td class="v">Peter Cowburn </td></tr>
<tr><td class="e">User Note Maintainers </td><td class="v">Daniel P. Brown, Thiago Henrique Pojda </td></tr>
<tr><td class="e">Other Contributors </td><td class="v">Previously active authors, editors and other contributors are listed in the manual. </td></tr>
</table>
<table>
<tr class="h"><th>PHP Quality Assurance Team</th></tr>
<tr><td class="e">Ilia Alshanetsky, Joerg Behrens, Antony Dovgal, Stefan Esser, Moriyoshi Koizumi, Magnus Maatta, Sebastian Nohn, Derick Rethans, Melvyn Sopacua, Jani Taskinen, Pierre-Alain Joye, Dmitry Stogov, Felipe Pena, David Soria Parra, Stanislav Malyshev, Julien Pauli, Stephen Zarkos, Anatol Belski, Remi Collet, Ferenc Kovacs </td></tr>
</table>
<table>
<tr class="h"><th colspan="2">Websites and Infrastructure team</th></tr>
<tr><td class="e">PHP Websites Team </td><td class="v">Rasmus Lerdorf, Hannes Magnusson, Philip Olson, Lukas Kahwe Smith, Pierre-Alain Joye, Kalle Sommer Nielsen, Peter Cowburn, Adam Harvey, Ferenc Kovacs, Levi Morrison </td></tr>
<tr><td class="e">Event Maintainers </td><td class="v">Damien Seguy, Daniel P. Brown </td></tr>
<tr><td class="e">Network Infrastructure </td><td class="v">Daniel P. Brown </td></tr>
<tr><td class="e">Windows Infrastructure </td><td class="v">Alex Schoenmaker </td></tr>
</table>
<h2>PHP License</h2>
<table>
<tr class="v"><td>
<p>
This program is free software; you can redistribute it and/or modify it under the terms of the PHP License as published by the PHP Group and included in the distribution in the file:  LICENSE
</p>
<p>This program is distributed in the hope that it will be useful, but WITHOUT ANY WARRANTY; without even the implied warranty of MERCHANTABILITY or FITNESS FOR A PARTICULAR PURPOSE.
</p>
<p>If you did not receive a copy of the PHP license, or have any questions about PHP licensing, please contact license@php.net.
</p>
</td></tr>
</table>
</div></body></html>1[student@workstation ~]$ lab expose-image grade

Grading the student's work for Lab: Publishing Enterprise Container Images

 · Log in on OpenShift.........................................  SUCCESS
 · Enter project 'developer-common'............................  PASS
 · Image stream tag 'php-info:latest' exists...................  PASS
 · Image stream 'php-info' points to external registry.........  PASS
 · Enter project 'developer-expose-image'......................  PASS
 · Deployment 'info' points to the same image as the image stre
   am..........................................................  PASS
 · Pod 'info' is ready and runnning............................  PASS
 · Route 'info' exists.........................................  PASS
 · Application returns the 'phpinfo' message...................  PASS

Overall exercise grade.........................................  PASS

[student@workstation ~]$ pwd
/home/student
[student@workstation ~]$ ls -l
total 68844
drwxr-xr-x.  2 student student        6 Aug 30 11:18 Desktop
drwxr-xr-x.  4 student student       35 Oct  3 20:29 DO288
drwxrwxr-x. 35 student student     4096 Oct  5 22:02 DO288-apps
-rw-rw-r--.  1 student student     1749 Oct  5 18:46 DO288-labsolutions-app-config.zip
-rw-rw-r--.  1 student student     4280 Oct  4 19:03 DO288-labsolutions-build-template.zip
-rw-rw-r--.  1 student student     2297 Oct  4 21:39 DO288-labsolutions-container-build.zip
-rw-rw-r--.  1 student student     1865 Oct  5 19:10 DO288-labsolutions-design-container.zip
-rw-rw-r--.  1 student student 70190266 Oct  5 20:36 DO288-labsolutions-external-registry.zip
-rw-rw-r--.  1 student student     1628 Oct  4 19:16 DO288-lab-solutions-source-build.zip
drwxr-xr-x.  2 student student        6 Aug 30 11:18 Documents
drwxr-xr-x.  2 student student        6 Sep 13 13:33 Downloads
drwxr-xr-x.  2 student student      193 Sep 16 14:49 grading_master
-rw-rw-r--.  1 student student     4988 Oct  5 21:29 images-is.txt
drwxr-xr-x.  2 student student        6 Aug 30 11:18 Music
drwxr-xr-x.  2 student student        6 Aug 30 11:18 Pictures
drwxr-xr-x.  2 student student        6 Aug 30 11:18 Public
drwxr-xr-x.  2 student student        6 Aug 30 11:18 Templates
-rw-r--r--.  1 student student    24078 Oct  5 18:46 terminal-lab-app-config-05oct22.txt
-rw-r--r--.  1 student student    71688 Oct  4 19:04 terminal-lab-build-template-04oct22.txt
-rw-r--r--.  1 student student    35344 Oct  4 21:38 terminal-lab-container-build-04oct22.txt
-rw-r--r--.  1 student student    42059 Oct  5 19:11 terminal-lab-design-container-05oct22.txt
-rw-r--r--.  1 student student     8534 Oct  5 21:16 terminal-lab-expose-registry-05oct22.txt
-rw-r--r--.  1 student student    17264 Oct  5 20:37 terminal-lab-external-registry-05oct22.txt
-rw-r--r--.  1 student student    22629 Oct  5 22:02 terminal-lab-image-stream-05oct22.txt
-rw-r--r--.  1 student student    25177 Oct  4 19:17 terminal-lab-source-build-04oct22.txt
drwxr-xr-x.  2 student student        6 Aug 30 11:18 Videos
[student@workstation ~]$ zip -r DO2088-labsolutions-expose-image-06.zip DO288
  adding: DO288/ (stored 0%)
  adding: DO288/labs/ (stored 0%)
  adding: DO288/labs/expose-image/ (stored 0%)
  adding: DO288/labs/expose-image/create-secret.sh (deflated 20%)
  adding: DO288/labs/expose-image/grant-puller-role.sh (deflated 25%)
  adding: DO288/labs/expose-image/push-image.sh (deflated 14%)
  adding: DO288/labs/expose-image/php-info/ (stored 0%)
  adding: DO288/labs/expose-image/php-info/blobs/ (stored 0%)
  adding: DO288/labs/expose-image/php-info/blobs/sha256/ (stored 0%)
  adding: DO288/labs/expose-image/php-info/blobs/sha256/787f47dbeaac926cc8c927a48e8a84fc97e05fbd1c08a4c9c4ddcaddfd87e2f7 (deflated 1%)
  adding: DO288/labs/expose-image/php-info/blobs/sha256/6a5240d60dc4e1ade0d103badb2a897e8103ebf0ebe08350cd582bbc9671cc7a (stored 0%)
  adding: DO288/labs/expose-image/php-info/blobs/sha256/e56f401c47ffbecff00711be2281611b2c9ff2a52e88a4dd3e270f0042b7eecf (deflated 1%)
  adding: DO288/labs/expose-image/php-info/blobs/sha256/5d7b6a0c7b254957cc4531643ba436470d0d558ad701860c71afb9303b21854d (stored 0%)
  adding: DO288/labs/expose-image/php-info/blobs/sha256/03d9f8a5e233b9ec3bdc88cc1857bbea8c3f34d16cc6e270a04aea260c363c44 (stored 0%)
  adding: DO288/labs/expose-image/php-info/blobs/sha256/4f4fb700ef54461cfa02571ae0db9a0dc1e0cdb5577484a6d75e68dc38e8acc1 (deflated 6%)
  adding: DO288/labs/expose-image/php-info/blobs/sha256/d4af94b3138feb53dd47537e96b54ed797007af73f4803869c17b569582ae4a8 (deflated 60%)
  adding: DO288/labs/expose-image/php-info/blobs/sha256/c7e908a85fa37f5fa0fac2232388747c726d6aeb8e36c734523fab4241f06603 (deflated 67%)
  adding: DO288/labs/expose-image/php-info/oci-layout (stored 0%)
  adding: DO288/labs/expose-image/php-info/index.json (deflated 20%)
  adding: DO288/solutions/ (stored 0%)
[student@workstation ~]$ oc delete project ${RHT_OCP4_DEV_USER}-expose-image
project.project.openshift.io "developer-expose-image" deleted
[student@workstation ~]$ oc delete project ${RHT_OCP4_DEV_USER}-common
project.project.openshift.io "developer-common" deleted
[student@workstation ~]$ skopeo delete docker://quay.io/${RHT_OCP4_QUAY_USER}/php-info:latest
[student@workstation ~]$ lab expose-image finish

Completing Lab: Publishing Enterprise Container Images

 · Log in on OpenShift.........................................  SUCCESS
 · Remove exercise files.......................................  SUCCESS

If you want to perform this exercise again, you need to access quay.io
and delete your 'php-info' repository.


Please use start if you wish to do the exercise again.

[student@workstation ~]$ 

