[student@workstation ~]$ ls -l
total 68812
drwxr-xr-x.  2 student student        6 Aug 30 11:18 Desktop
drwxr-xr-x.  4 student student       35 Oct  3 20:29 DO288
drwxrwxr-x. 35 student student     4096 Oct  5 21:17 DO288-apps
-rw-rw-r--.  1 student student     1749 Oct  5 18:46 DO288-labsolutions-app-config.zip
-rw-rw-r--.  1 student student     4280 Oct  4 19:03 DO288-labsolutions-build-template.zip
-rw-rw-r--.  1 student student     2297 Oct  4 21:39 DO288-labsolutions-container-build.zip
-rw-rw-r--.  1 student student     1865 Oct  5 19:10 DO288-labsolutions-design-container.zip
-rw-rw-r--.  1 student student 70190266 Oct  5 20:36 DO288-labsolutions-external-registry.zip
-rw-rw-r--.  1 student student     1628 Oct  4 19:16 DO288-lab-solutions-source-build.zip
drwxr-xr-x.  2 student student        6 Aug 30 11:18 Documents
drwxr-xr-x.  2 student student        6 Sep 13 13:33 Downloads
drwxr-xr-x.  2 student student      193 Sep 16 14:49 grading_master
drwxr-xr-x.  2 student student        6 Aug 30 11:18 Music
drwxr-xr-x.  2 student student        6 Aug 30 11:18 Pictures
drwxr-xr-x.  2 student student        6 Aug 30 11:18 Public
drwxr-xr-x.  2 student student        6 Aug 30 11:18 Templates
-rw-r--r--.  1 student student    24078 Oct  5 18:46 terminal-lab-app-config-05oct22.txt
-rw-r--r--.  1 student student    71688 Oct  4 19:04 terminal-lab-build-template-04oct22.txt
-rw-r--r--.  1 student student    35344 Oct  4 21:38 terminal-lab-container-build-04oct22.txt
-rw-r--r--.  1 student student    42059 Oct  5 19:11 terminal-lab-design-container-05oct22.txt
-rw-r--r--.  1 student student     8534 Oct  5 21:16 terminal-lab-expose-registry-05oct22.txt
-rw-r--r--.  1 student student    17264 Oct  5 20:37 terminal-lab-external-registry-05oct22.txt
-rw-r--r--.  1 student student    25177 Oct  4 19:17 terminal-lab-source-build-04oct22.txt
drwxr-xr-x.  2 student student        6 Aug 30 11:18 Videos
[student@workstation ~]$ oc get is .n openshift -o name
Error from server (Forbidden): imagestreams.image.openshift.io ".n" is forbidden: User "developer" cannot get resource "imagestreams" in API group "image.openshift.io" in the namespace "developer-common"
Error from server (Forbidden): imagestreams.image.openshift.io "openshift" is forbidden: User "developer" cannot get resource "imagestreams" in API group "image.openshift.io" in the namespace "developer-common"
[student@workstation ~]$ oc get is -n openshift -o name
imagestream.image.openshift.io/apicast-gateway
imagestream.image.openshift.io/apicurito-ui
imagestream.image.openshift.io/cli
imagestream.image.openshift.io/cli-artifacts
imagestream.image.openshift.io/dotnet
imagestream.image.openshift.io/dotnet-runtime
imagestream.image.openshift.io/driver-toolkit
imagestream.image.openshift.io/fis-java-openshift
imagestream.image.openshift.io/fis-karaf-openshift
imagestream.image.openshift.io/fuse-apicurito-generator
imagestream.image.openshift.io/fuse7-console
imagestream.image.openshift.io/fuse7-eap-openshift
imagestream.image.openshift.io/fuse7-eap-openshift-java11
imagestream.image.openshift.io/fuse7-java-openshift
imagestream.image.openshift.io/fuse7-java11-openshift
imagestream.image.openshift.io/fuse7-karaf-openshift
imagestream.image.openshift.io/fuse7-karaf-openshift-jdk11
imagestream.image.openshift.io/golang
imagestream.image.openshift.io/httpd
imagestream.image.openshift.io/installer
imagestream.image.openshift.io/installer-artifacts
imagestream.image.openshift.io/java
imagestream.image.openshift.io/java-runtime
imagestream.image.openshift.io/jboss-amq-62
imagestream.image.openshift.io/jboss-amq-63
imagestream.image.openshift.io/jboss-datagrid65-client-openshift
imagestream.image.openshift.io/jboss-datagrid65-openshift
imagestream.image.openshift.io/jboss-datagrid71-client-openshift
imagestream.image.openshift.io/jboss-datagrid71-openshift
imagestream.image.openshift.io/jboss-datagrid72-openshift
imagestream.image.openshift.io/jboss-datagrid73-openshift
imagestream.image.openshift.io/jboss-datavirt64-driver-openshift
imagestream.image.openshift.io/jboss-datavirt64-openshift
imagestream.image.openshift.io/jboss-decisionserver64-openshift
imagestream.image.openshift.io/jboss-eap-xp3-openjdk11-openshift
imagestream.image.openshift.io/jboss-eap-xp3-openjdk11-runtime-openshift
imagestream.image.openshift.io/jboss-eap64-openshift
imagestream.image.openshift.io/jboss-eap70-openshift
imagestream.image.openshift.io/jboss-eap71-openshift
imagestream.image.openshift.io/jboss-eap72-openjdk11-openshift-rhel8
imagestream.image.openshift.io/jboss-eap72-openshift
imagestream.image.openshift.io/jboss-eap73-openjdk11-openshift
imagestream.image.openshift.io/jboss-eap73-openjdk11-runtime-openshift
imagestream.image.openshift.io/jboss-eap73-openshift
imagestream.image.openshift.io/jboss-eap73-runtime-openshift
imagestream.image.openshift.io/jboss-eap74-openjdk11-openshift
imagestream.image.openshift.io/jboss-eap74-openjdk11-runtime-openshift
imagestream.image.openshift.io/jboss-eap74-openjdk8-openshift
imagestream.image.openshift.io/jboss-eap74-openjdk8-runtime-openshift
imagestream.image.openshift.io/jboss-fuse70-console
imagestream.image.openshift.io/jboss-fuse70-eap-openshift
imagestream.image.openshift.io/jboss-fuse70-java-openshift
imagestream.image.openshift.io/jboss-fuse70-karaf-openshift
imagestream.image.openshift.io/jboss-processserver64-openshift
imagestream.image.openshift.io/jboss-webserver31-tomcat7-openshift
imagestream.image.openshift.io/jboss-webserver31-tomcat8-openshift
imagestream.image.openshift.io/jboss-webserver56-openjdk11-tomcat9-openshift-ubi8
imagestream.image.openshift.io/jboss-webserver56-openjdk8-tomcat9-openshift-ubi8
imagestream.image.openshift.io/jenkins
imagestream.image.openshift.io/jenkins-agent-base
imagestream.image.openshift.io/jenkins-agent-maven
imagestream.image.openshift.io/jenkins-agent-nodejs
imagestream.image.openshift.io/mariadb
imagestream.image.openshift.io/must-gather
imagestream.image.openshift.io/mysql
imagestream.image.openshift.io/nginx
imagestream.image.openshift.io/nodejs
imagestream.image.openshift.io/oauth-proxy
imagestream.image.openshift.io/openjdk-11-rhel7
imagestream.image.openshift.io/openjdk-11-rhel8
imagestream.image.openshift.io/perl
imagestream.image.openshift.io/php
imagestream.image.openshift.io/postgresql
imagestream.image.openshift.io/python
imagestream.image.openshift.io/redhat-openjdk18-openshift
imagestream.image.openshift.io/redhat-sso70-openshift
imagestream.image.openshift.io/redhat-sso71-openshift
imagestream.image.openshift.io/redhat-sso72-openshift
imagestream.image.openshift.io/redhat-sso73-openshift
imagestream.image.openshift.io/redis
imagestream.image.openshift.io/rhdm-decisioncentral-rhel8
imagestream.image.openshift.io/rhdm-kieserver-rhel8
imagestream.image.openshift.io/rhpam-businesscentral-monitoring-rhel8
imagestream.image.openshift.io/rhpam-businesscentral-rhel8
imagestream.image.openshift.io/rhpam-kieserver-rhel8
imagestream.image.openshift.io/rhpam-smartrouter-rhel8
imagestream.image.openshift.io/ruby
imagestream.image.openshift.io/sso74-openshift-rhel8
imagestream.image.openshift.io/sso75-openshift-rhel8
imagestream.image.openshift.io/tests
imagestream.image.openshift.io/tools
imagestream.image.openshift.io/ubi8-openjdk-11
imagestream.image.openshift.io/ubi8-openjdk-11-runtime
imagestream.image.openshift.io/ubi8-openjdk-8
imagestream.image.openshift.io/ubi8-openjdk-8-runtime
[student@workstation ~]$ oc get is -n openshift -o name > images-is.txt
[student@workstation ~]$ cd DO288-apps/
[student@workstation DO288-apps]$ cp ../images-is.txt .
[student@workstation DO288-apps]$ git commit -a -m "images is"
On branch main
Your branch is up to date with 'origin/main'.

Untracked files:
  (use "git add <file>..." to include in what will be committed)
	images-is.txt

nothing added to commit but untracked files present (use "git add" to track)
[student@workstation DO288-apps]$ git add .
[student@workstation DO288-apps]$ git commit -a -m "images is"
[main 340fd74] images is
 Committer: Student User <student@workstation.lab.example.com>
Your name and email address were configured automatically based
on your username and hostname. Please check that they are accurate.
You can suppress this message by setting them explicitly. Run the
following command and follow the instructions in your editor to edit
your configuration file:

    git config --global --edit

After doing this, you may fix the identity used for this commit with:

    git commit --amend --reset-author

 1 file changed, 95 insertions(+)
 create mode 100644 images-is.txt
[student@workstation DO288-apps]$ git push
Username for 'https://github.com': leonardotorresoachoa
Password for 'https://leonardotorresoachoa@github.com': 
Enumerating objects: 4, done.
Counting objects: 100% (4/4), done.
Delta compression using up to 2 threads
Compressing objects: 100% (3/3), done.
Writing objects: 100% (3/3), 914 bytes | 914.00 KiB/s, done.
Total 3 (delta 1), reused 0 (delta 0), pack-reused 0
remote: Resolving deltas: 100% (1/1), completed with 1 local object.
To https://github.com/leonardotorresadiera/DO288-apps.git
   0010e88..340fd74  main -> main
[student@workstation DO288-apps]$ cd ..
[student@workstation ~]$ pws
bash: pws: command not found...
[student@workstation ~]$ pwd
/home/student
[student@workstation ~]$ pwd
/home/student
[student@workstation ~]$ lab image-stream start

Checking prerequisites for GE: Creating an Image Stream

 Verify the OpenShift cluster is running:
 · Router pods are available...................................  SUCCESS
 · OAuth pods are available....................................  SUCCESS
 · API pods are available......................................  SUCCESS
 · No cluster operators are progressing........................  SUCCESS
 · Control plane node 'master01' is ready......................  SUCCESS
 Checking required artifacts:
 · Image 'redhattraining/hello-world-nginx' is available.......  SUCCESS
 Checking for conflicts with existing OpenShift projects:
 · Project 'developer-image-stream' is absent..................  SUCCESS
 · Project 'developer-common' is absent........................  SUCCESS

Overall start status...........................................  SUCCESS

[student@workstation ~]$ source /usr/local/etc/ocp4.config
[student@workstation ~]$ oc login -u ${RHT_OCP4_DEV_USER} -p ${RHT_OCP4_DEV_PASSWORD} ${RHT_OCP4_MASTER_API}
Login successful.

You don't have any projects. You can try to create a new project, by running

    oc new-project <projectname>

[student@workstation ~]$ oc new-project ${RHT_OCP4_DEV_USER}-common
Now using project "developer-common" on server "https://api.ocp4.example.com:6443".

You can add applications to this project with the 'new-app' command. For example, try:

    oc new-app rails-postgresql-example

to build a new example application in Ruby. Or use kubectl to deploy a simple Kubernetes application:

    kubectl create deployment hello-node --image=k8s.gcr.io/e2e-test-images/agnhost:2.33 -- /agnhost serve-hostname

[student@workstation ~]$ skopeo inspect docker://quay.io/redhattraining/hello-world-nginx
{
    "Name": "quay.io/redhattraining/hello-world-nginx",
    "Tag": "latest",
    "Digest": "sha256:7f99ece5f39bf8d5d76a43cd9104a8d0a39f7135821b94bc1ebdc39cdc6dd63b",
    "RepoTags": [
        "latest",
        "v1.0"
    ],
    "Created": "2019-06-26T22:59:13.751737399Z",
    "DockerVersion": "",
    "Labels": {
        "architecture": "x86_64",
        "authoritative-source-url": "registry.access.redhat.com",
        "build-date": "2019-04-25T16:26:03.051400",
        "com.redhat.build-host": "cpt-0013.osbs.prod.upshift.rdu2.redhat.com",
        "com.redhat.component": "ubi8-container",
        "com.redhat.license_terms": "https://www.redhat.com/licenses/eulas",
        "description": "The Universal Base Image is designed and engineered to be the base layer for all of your containerized applications, middleware and utilities. This base image is freely redistributable, but Red Hat only supports Red Hat technologies through subscriptions for Red Hat products. This image is maintained by Red Hat and updated regularly.",
        "distribution-scope": "public",
        "io.k8s.description": "The Universal Base Image is designed and engineered to be the base layer for all of your containerized applications, middleware and utilities. This base image is freely redistributable, but Red Hat only supports Red Hat technologies through subscriptions for Red Hat products. This image is maintained by Red Hat and updated regularly.",
        "io.k8s.display-name": "Red Hat Universal Base Image 8",
        "io.openshift.expose-services": "",
        "io.openshift.tags": "base rhel8",
        "maintainer": "Red Hat, Inc.",
        "name": "ubi8",
        "release": "122",
        "summary": "Provides the latest release of Red Hat Universal Base Image 8.",
        "url": "https://access.redhat.com/containers/#/registry.access.redhat.com/ubi8/images/8.0-122",
        "vcs-ref": "d5ff1490fad8f1b57e451d384d3b331e94cf6fe4",
        "vcs-type": "git",
        "vendor": "Red Hat, Inc.",
        "version": "8.0"
    },
    "Architecture": "amd64",
    "Os": "linux",
    "Layers": [
        "sha256:787f47dbeaac926cc8c927a48e8a84fc97e05fbd1c08a4c9c4ddcaddfd87e2f7",
        "sha256:6a5240d60dc4e1ade0d103badb2a897e8103ebf0ebe08350cd582bbc9671cc7a",
        "sha256:022387ff318fa4807100c9a29391ed805521e379c096d6a50c25babb31b33656",
        "sha256:3ed712ae45281838f7104b88e2766f4418f50b7a465417e528f71b55523bc042",
        "sha256:9d7cc8aba8af884688c4a7cb6432915d9208f92d0b068da628484d674b0da6d4",
        "sha256:48d8385919594bc1fd07def5b73759bc2b89a5a9c06e62a6aa3bdbedec76b653",
        "sha256:69fc56a2ba109a3fe3286efebc6d8afd7d058f9f13355bbf225accf90bd969e7",
        "sha256:4f4fb700ef54461cfa02571ae0db9a0dc1e0cdb5577484a6d75e68dc38e8acc1",
        "sha256:4f4fb700ef54461cfa02571ae0db9a0dc1e0cdb5577484a6d75e68dc38e8acc1",
        "sha256:4f4fb700ef54461cfa02571ae0db9a0dc1e0cdb5577484a6d75e68dc38e8acc1"
    ],
    "Env": [
        "PATH=/usr/local/sbin:/usr/local/bin:/usr/sbin:/usr/bin:/sbin:/bin",
        "container=oci"
    ]
}
[student@workstation ~]$ oc import-image hello-world --confirm --from quay.io/redhattraining/hello-world-nginx
imagestream.image.openshift.io/hello-world imported

Name:			hello-world
Namespace:		developer-common
Created:		Less than a second ago
Labels:			<none>
Annotations:		openshift.io/image.dockerRepositoryCheck=2022-10-06T01:58:11Z
Image Repository:	default-route-openshift-image-registry.apps.ocp4.example.com/developer-common/hello-world
Image Lookup:		local=false
Unique Images:		1
Tags:			1

latest
  tagged from quay.io/redhattraining/hello-world-nginx

  * quay.io/redhattraining/hello-world-nginx@sha256:7f99ece5f39bf8d5d76a43cd9104a8d0a39f7135821b94bc1ebdc39cdc6dd63b
      Less than a second ago

Image Name:	hello-world:latest
Docker Image:	quay.io/redhattraining/hello-world-nginx@sha256:7f99ece5f39bf8d5d76a43cd9104a8d0a39f7135821b94bc1ebdc39cdc6dd63b
Name:		sha256:7f99ece5f39bf8d5d76a43cd9104a8d0a39f7135821b94bc1ebdc39cdc6dd63b
Created:	Less than a second ago
Annotations:	image.openshift.io/dockerLayersOrder=ascending
Image Size:	88.1MB in 10 layers
Layers:		70.95MB	sha256:787f47dbeaac926cc8c927a48e8a84fc97e05fbd1c08a4c9c4ddcaddfd87e2f7
		1.483kB	sha256:6a5240d60dc4e1ade0d103badb2a897e8103ebf0ebe08350cd582bbc9671cc7a
		17.15MB	sha256:022387ff318fa4807100c9a29391ed805521e379c096d6a50c25babb31b33656
		259B	sha256:3ed712ae45281838f7104b88e2766f4418f50b7a465417e528f71b55523bc042
		243B	sha256:9d7cc8aba8af884688c4a7cb6432915d9208f92d0b068da628484d674b0da6d4
		1.004kB	sha256:48d8385919594bc1fd07def5b73759bc2b89a5a9c06e62a6aa3bdbedec76b653
		213B	sha256:69fc56a2ba109a3fe3286efebc6d8afd7d058f9f13355bbf225accf90bd969e7
		32B	sha256:4f4fb700ef54461cfa02571ae0db9a0dc1e0cdb5577484a6d75e68dc38e8acc1
		0B	sha256:4f4fb700ef54461cfa02571ae0db9a0dc1e0cdb5577484a6d75e68dc38e8acc1
		0B	sha256:4f4fb700ef54461cfa02571ae0db9a0dc1e0cdb5577484a6d75e68dc38e8acc1
Image Created:	3 years ago
Author:		<none>
Arch:		amd64
Command:	/bin/sh -c nginx -g "daemon off;"
Working Dir:	<none>
User:		1001
Exposes Ports:	8080/tcp
Docker Labels:	architecture=x86_64
		authoritative-source-url=registry.access.redhat.com
		build-date=2019-04-25T16:26:03.051400
		com.redhat.build-host=cpt-0013.osbs.prod.upshift.rdu2.redhat.com
		com.redhat.component=ubi8-container
		com.redhat.license_terms=https://www.redhat.com/licenses/eulas
		description=The Universal Base Image is designed and engineered to be the base layer for all of your containerized applications, middleware and utilities. This base image is freely redistributable, but Red Hat only supports Red Hat technologies through subscriptions for Red Hat products. This image is maintained by Red Hat and updated regularly.
		distribution-scope=public
		io.k8s.description=The Universal Base Image is designed and engineered to be the base layer for all of your containerized applications, middleware and utilities. This base image is freely redistributable, but Red Hat only supports Red Hat technologies through subscriptions for Red Hat products. This image is maintained by Red Hat and updated regularly.
		io.k8s.display-name=Red Hat Universal Base Image 8
		io.openshift.expose-services=
		io.openshift.tags=base rhel8
		maintainer=Red Hat, Inc.
		name=ubi8
		release=122
		summary=Provides the latest release of Red Hat Universal Base Image 8.
		url=https://access.redhat.com/containers/#/registry.access.redhat.com/ubi8/images/8.0-122
		vcs-ref=d5ff1490fad8f1b57e451d384d3b331e94cf6fe4
		vcs-type=git
		vendor=Red Hat, Inc.
		version=8.0
Environment:	PATH=/usr/local/sbin:/usr/local/bin:/usr/sbin:/usr/bin:/sbin:/bin
		container=oci


[student@workstation ~]$ oc get istag
NAME                 IMAGE REFERENCE                                                                                                    UPDATED
hello-world:latest   quay.io/redhattraining/hello-world-nginx@sha256:7f99ece5f39bf8d5d76a43cd9104a8d0a39f7135821b94bc1ebdc39cdc6dd63b   11 seconds ago
[student@workstation ~]$ podman images
REPOSITORY                                TAG         IMAGE ID      CREATED      SIZE
localhost/do288-hello-java                latest      36bb5d5bca4f  3 hours ago  461 MB
quay.io/leonardo_adiera/do288-hello-java  latest      36bb5d5bca4f  3 hours ago  461 MB
registry.access.redhat.com/ubi8/ubi       8.0         11f9dba4d1bc  3 years ago  216 MB
quay.io/leonardo_adiera/ubi-sleep         1.0         3c63b4841913  3 years ago  216 MB
[student@workstation ~]$ oc describe is hello-world
Name:			hello-world
Namespace:		developer-common
Created:		47 seconds ago
Labels:			<none>
Annotations:		openshift.io/image.dockerRepositoryCheck=2022-10-06T01:58:11Z
Image Repository:	default-route-openshift-image-registry.apps.ocp4.example.com/developer-common/hello-world
Image Lookup:		local=false
Unique Images:		1
Tags:			1

latest
  tagged from quay.io/redhattraining/hello-world-nginx

  * quay.io/redhattraining/hello-world-nginx@sha256:7f99ece5f39bf8d5d76a43cd9104a8d0a39f7135821b94bc1ebdc39cdc6dd63b
      47 seconds ago
[student@workstation ~]$ oc new-project ${RHT_OCP4_DEV_USER}-image-stream
Now using project "developer-image-stream" on server "https://api.ocp4.example.com:6443".

You can add applications to this project with the 'new-app' command. For example, try:

    oc new-app rails-postgresql-example

to build a new example application in Ruby. Or use kubectl to deploy a simple Kubernetes application:

    kubectl create deployment hello-node --image=k8s.gcr.io/e2e-test-images/agnhost:2.33 -- /agnhost serve-hostname

[student@workstation ~]$ oc new-app --name hello -i ${RHT_OCP4_DEV_USER}-common/hello-world
--> Found image 44eaa13 (3 years old) in image stream "developer-common/hello-world" under tag "latest" for "developer-common/hello-world"

    Red Hat Universal Base Image 8 
    ------------------------------ 
    The Universal Base Image is designed and engineered to be the base layer for all of your containerized applications, middleware and utilities. This base image is freely redistributable, but Red Hat only supports Red Hat technologies through subscriptions for Red Hat products. This image is maintained by Red Hat and updated regularly.

    Tags: base rhel8


--> Creating resources ...
    deployment.apps "hello" created
    service "hello" created
--> Success
    Application is not exposed. You can expose services to the outside world by executing one or more of the commands below:
     'oc expose service/hello' 
    Run 'oc status' to view your app.
[student@workstation ~]$ oc get pods
NAME                   READY   STATUS              RESTARTS   AGE
hello-8fcfb9d4-5kpql   0/1     ContainerCreating   0          5s
[student@workstation ~]$ podman images
REPOSITORY                                TAG         IMAGE ID      CREATED      SIZE
localhost/do288-hello-java                latest      36bb5d5bca4f  3 hours ago  461 MB
quay.io/leonardo_adiera/do288-hello-java  latest      36bb5d5bca4f  3 hours ago  461 MB
registry.access.redhat.com/ubi8/ubi       8.0         11f9dba4d1bc  3 years ago  216 MB
quay.io/leonardo_adiera/ubi-sleep         1.0         3c63b4841913  3 years ago  216 MB
[student@workstation ~]$ oc get pods
NAME                   READY   STATUS    RESTARTS   AGE
hello-8fcfb9d4-5kpql   1/1     Running   0          32s
[student@workstation ~]$ oc expose svc hello
route.route.openshift.io/hello exposed
[student@workstation ~]$ oc ge route
error: unknown command "ge" for "oc"

Did you mean this?
	cp
	get
	set
[student@workstation ~]$ oc get route
NAME    HOST/PORT                                            PATH   SERVICES   PORT       TERMINATION   WILDCARD
hello   hello-developer-image-stream.apps.ocp4.example.com          hello      8080-tcp                 None
[student@workstation ~]$ curl http://hello-${RHT_OCP4_DEV_USER}-image-stream.${RHT_OCP4_WILDCARD_DOMAIN}
<html>
  <body>
    <h1>Hello, world from nginx!</h1>
  </body>
</html>
[student@workstation ~]$ oc delete project ${RHT_OCP4_DEV_USER}-image-stream
project.project.openshift.io "developer-image-stream" deleted
[student@workstation ~]$ oc delete project ${RHT_OCP4_DEV_USER}-common
project.project.openshift.io "developer-common" deleted
[student@workstation ~]$ lab image-stream finish

Completing GE: Creating an Image Stream

 · Log in on OpenShift.........................................  SUCCESS

Please use start if you wish to do the exercise again.

[student@workstation ~]$ 

