[student@workstation DO288-apps]$ lab external-registry start

Checking prerequisites for GE: Using an External Registry

 Verify the OpenShift cluster is running:
 · Router pods are available...................................  SUCCESS
 · OAuth pods are available....................................  SUCCESS
 · API pods are available......................................  SUCCESS
 · No cluster operators are progressing........................  SUCCESS
 · Control plane node 'master01' is ready......................  SUCCESS
 Checking required artifacts:
 · OCI container image 'ubi-sleep' is available................  SUCCESS
 Checking for conflicts with existing OpenShift projects:
 · Project 'developer-external-registry' is absent.............  SUCCESS
 Checking for conflicts with existing local containers:
 · Container 'sleep' is absent.................................  SUCCESS

Setting up the classroom for GE: Using an External Registry

 · Download exercise files.....................................  SUCCESS
 · Download OCI container image folder 'ubi-sleep'.............  SUCCESS

Overall start status...........................................  SUCCESS

[student@workstation DO288-apps]$ source /usr/local/etc/ocp4.config
[student@workstation DO288-apps]$ cat /usr/local/etc/ocp4.config
RHT_OCP4_MASTER_API=https://api.ocp4.example.com:6443/
RHT_OCP4_WILDCARD_DOMAIN=apps.ocp4.example.com
RHT_OCP4_NEXUS_SERVER=nexus-common.apps.na410.prod.nextcle.com
RHT_OCP4_MYSQL_SERVER=mysql.ocp-na46a.prod.ole.redhat.com
RHT_OCP4_DEV_USER=developer
RHT_OCP4_DEV_PASSWORD=developer
RHT_OCP4_GITHUB_USER=leonardotorresadiera
RHT_OCP4_QUAY_USER=leonardo_adiera
[student@workstation DO288-apps]$ podman login quay.io -u ${RHT_OCP4_QUAY_USER}
Password: 
Login Succeeded!
[student@workstation DO288-apps]$ ls -l /home/student/DO288/labs/external-registry
total 8
-rwxrwxr-x. 1 student student 166 Sep 15 13:10 create-secret.sh
-rwxrwxr-x. 1 student student 193 Sep 15 13:10 push-image.sh
drwxrwxr-x. 3 student student  55 Jun 12  2019 ubi-sleep
[student@workstation DO288-apps]$ ls -l /home/student/DO288/labs/external-registry/ubi-sleep/
total 8
drwxr-xr-x. 3 root root  20 Jun 12  2019 blobs
-rw-r--r--. 1 root root 235 Jun 12  2019 index.json
-rw-r--r--. 1 root root  31 Jun 12  2019 oci-layout
[student@workstation DO288-apps]$ skopeo copy --format v2s1 oci:/home/student/DO288/labs/external-registry/ubi-sleep docker://quay.io/${RHT_OCP4_QUAY_USER}/ubi-sleep:1.0
Getting image source signatures
Copying blob 787f47dbeaac skipped: already exists  
Copying blob 6a5240d60dc4 skipped: already exists  
Copying blob 4f4fb700ef54 done  
Writing manifest to image destination
Storing signatures
[student@workstation DO288-apps]$ skopeo inspect docker://quay.io/${RHT_OCP4_QUAY_USER}/ubi-sleep:1.0
{
    "Name": "quay.io/leonardo_adiera/ubi-sleep",
    "Tag": "1.0",
    "Digest": "sha256:344c763ca464417daca9aaca2365cf777fee1fe7751044bf182007305c0ebfcc",
    "RepoTags": [
        "1.0"
    ],
    "Created": "2019-06-12T18:26:36.854367538Z",
    "DockerVersion": "",
    "Labels": {
        "architecture": "x86_64",
        "authoritative-source-url": "registry.access.redhat.com",
        "build-date": "2019-04-25T16:26:03.051400",
        "com.redhat.build-host": "cpt-0013.osbs.prod.upshift.rdu2.redhat.com",
        "com.redhat.component": "ubi8-container",
        "com.redhat.license_terms": "https://www.redhat.com/licenses/eulas",
        "description": "The Universal Base Image is designed and engineered to be the base layer for all of your containerized applications, middleware and utilities. This base image is freely redistributable, but Red Hat only supports Red Hat technologies through subscriptions for Red Hat products. This image is maintained by Red Hat and updated regularly.",
        "distribution-scope": "public",
        "io.k8s.description": "The Universal Base Image is designed and engineered to be the base layer for all of your containerized applications, middleware and utilities. This base image is freely redistributable, but Red Hat only supports Red Hat technologies through subscriptions for Red Hat products. This image is maintained by Red Hat and updated regularly.",
        "io.k8s.display-name": "Red Hat Universal Base Image 8",
        "io.openshift.expose-services": "",
        "io.openshift.tags": "base rhel8",
        "maintainer": "Red Hat, Inc.",
        "name": "ubi8",
        "release": "122",
        "summary": "Provides the latest release of Red Hat Universal Base Image 8.",
        "url": "https://access.redhat.com/containers/#/registry.access.redhat.com/ubi8/images/8.0-122",
        "vcs-ref": "d5ff1490fad8f1b57e451d384d3b331e94cf6fe4",
        "vcs-type": "git",
        "vendor": "Red Hat, Inc.",
        "version": "8.0"
    },
    "Architecture": "amd64",
    "Os": "linux",
    "Layers": [
        "sha256:787f47dbeaac926cc8c927a48e8a84fc97e05fbd1c08a4c9c4ddcaddfd87e2f7",
        "sha256:6a5240d60dc4e1ade0d103badb2a897e8103ebf0ebe08350cd582bbc9671cc7a",
        "sha256:4f4fb700ef54461cfa02571ae0db9a0dc1e0cdb5577484a6d75e68dc38e8acc1"
    ],
    "Env": [
        "PATH=/usr/local/sbin:/usr/local/bin:/usr/sbin:/usr/bin:/sbin:/bin",
        "container=oci"
    ]
}
[student@workstation DO288-apps]$ podman run -d --name sleep quay.io/${RHT_OCP4_QUAY_USER}/ubi-sleep:1.0
Trying to pull quay.io/leonardo_adiera/ubi-sleep:1.0...
Getting image source signatures
Copying blob 6a5240d60dc4 done  
Copying blob 787f47dbeaac done  
Copying blob 4f4fb700ef54 done  
Writing manifest to image destination
Storing signatures
9700998a3d319c02170d6628536c78970da12bf24f1c83e15458ec321cb3276e
[student@workstation DO288-apps]$ podman ps
CONTAINER ID  IMAGE                                  COMMAND               CREATED        STATUS            PORTS       NAMES
9700998a3d31  quay.io/leonardo_adiera/ubi-sleep:1.0  /bin/sh -c bash -...  4 seconds ago  Up 4 seconds ago              sleep
[student@workstation DO288-apps]$ podman logs sleep
sleeping
sleeping
sleeping
sleeping
sleeping
[student@workstation DO288-apps]$ podman ps
CONTAINER ID  IMAGE                                  COMMAND               CREATED         STATUS             PORTS       NAMES
9700998a3d31  quay.io/leonardo_adiera/ubi-sleep:1.0  /bin/sh -c bash -...  36 seconds ago  Up 36 seconds ago              sleep
[student@workstation DO288-apps]$ podman stop sleep
WARN[0010] StopSignal SIGTERM failed to stop container sleep in 10 seconds, resorting to SIGKILL 
sleep
[student@workstation DO288-apps]$ podman ps
CONTAINER ID  IMAGE       COMMAND     CREATED     STATUS      PORTS       NAMES
[student@workstation DO288-apps]$ podman rm sleep
9700998a3d319c02170d6628536c78970da12bf24f1c83e15458ec321cb3276e
[student@workstation DO288-apps]$ podman images
REPOSITORY                                TAG         IMAGE ID      CREATED            SIZE
localhost/do288-hello-java                latest      36bb5d5bca4f  About an hour ago  461 MB
quay.io/leonardo_adiera/do288-hello-java  latest      36bb5d5bca4f  About an hour ago  461 MB
registry.access.redhat.com/ubi8/ubi       8.0         11f9dba4d1bc  3 years ago        216 MB
quay.io/leonardo_adiera/ubi-sleep         1.0         3c63b4841913  3 years ago        216 MB
[student@workstation DO288-apps]$ oc login -u ${RHT_OCP4_DEV_USER} -p ${RHT_OCP4_DEV_PASSWORD} ${RHT_OCP4_MASTER_API}
Login successful.

You don't have any projects. You can try to create a new project, by running

    oc new-project <projectname>

[student@workstation DO288-apps]$ oc new-project developer-external-registry
Now using project "developer-external-registry" on server "https://api.ocp4.example.com:6443".

You can add applications to this project with the 'new-app' command. For example, try:

    oc new-app rails-postgresql-example

to build a new example application in Ruby. Or use kubectl to deploy a simple Kubernetes application:

    kubectl create deployment hello-node --image=k8s.gcr.io/e2e-test-images/agnhost:2.33 -- /agnhost serve-hostname

[student@workstation DO288-apps]$ oc new-app --name sleep --image quay.io/${RHT_OCP4_QUAY_USER}/ubi-sleep:1.0
--> Found container image ef263ca (3 years old) from quay.io for "quay.io/leonardo_adiera/ubi-sleep:1.0"

    Red Hat Universal Base Image 8 
    ------------------------------ 
    The Universal Base Image is designed and engineered to be the base layer for all of your containerized applications, middleware and utilities. This base image is freely redistributable, but Red Hat only supports Red Hat technologies through subscriptions for Red Hat products. This image is maintained by Red Hat and updated regularly.

    Tags: base rhel8

    * An image stream tag will be created as "sleep:1.0" that will track this image

--> Creating resources ...
    imagestream.image.openshift.io "sleep" created
    deployment.apps "sleep" created
--> Success
    Run 'oc status' to view your app.
[student@workstation DO288-apps]$ cat /home/student/DO288/labs/external-registry
cat: /home/student/DO288/labs/external-registry: Is a directory
[student@workstation DO288-apps]$ cat /home/student/DO288/labs/external-registry/create-secret.sh 
#!/bin/bash

oc create secret generic quayio \
    --from-file .dockerconfigjson=${XDG_RUNTIME_DIR}/containers/auth.json \
    --type=kubernetes.io/dockerconfigjson

[student@workstation DO288-apps]$ oc create secret generic quayio --from-file .dockerconfigjson=${XDG_RUNTIME_DIR}/containers/auth.json --type kubernetes.io/dockerconfigjson
secret/quayio created
[student@workstation DO288-apps]$ oc secrets link default quayio --for pull
[student@workstation DO288-apps]$ oc get pod
NAME                     READY   STATUS    RESTARTS   AGE
sleep-759bf95b86-lc4p8   1/1     Running   0          5m9s
[student@workstation DO288-apps]$ podman logs sleep
Error: no container with name or ID "sleep" found: no such container
[student@workstation DO288-apps]$ oc new-app --name sleep --image quay.io/${RHT_OCP4_QUAY_USER}/ubi-sleep:1.0
--> Found container image ef263ca (3 years old) from quay.io for "quay.io/leonardo_adiera/ubi-sleep:1.0"

    Red Hat Universal Base Image 8 
    ------------------------------ 
    The Universal Base Image is designed and engineered to be the base layer for all of your containerized applications, middleware and utilities. This base image is freely redistributable, but Red Hat only supports Red Hat technologies through subscriptions for Red Hat products. This image is maintained by Red Hat and updated regularly.

    Tags: base rhel8

    * An image stream tag will be created as "sleep:1.0" that will track this image

--> Creating resources ...
    error: deployments.apps "sleep" already exists
--> Failed
[student@workstation DO288-apps]$ oc get pod
NAME                     READY   STATUS    RESTARTS   AGE
sleep-759bf95b86-lc4p8   1/1     Running   0          6m6s
[student@workstation DO288-apps]$ podman logs sleep
Error: no container with name or ID "sleep" found: no such container
[student@workstation DO288-apps]$ podman logs sleep-759bf95b86-lc4p8
Error: no container with name or ID "sleep-759bf95b86-lc4p8" found: no such container
[student@workstation DO288-apps]$ podman logs sleep
Error: no container with name or ID "sleep" found: no such container
[student@workstation DO288-apps]$ oc get pod
NAME                     READY   STATUS    RESTARTS   AGE
sleep-759bf95b86-lc4p8   1/1     Running   0          6m30s
[student@workstation DO288-apps]$ podman logs sleep-759bf95b86-lc4p8
Error: no container with name or ID "sleep-759bf95b86-lc4p8" found: no such container
[student@workstation DO288-apps]$ oc delete pod sleep-759bf95b86-lc4p8
pod "sleep-759bf95b86-lc4p8" deleted
[student@workstation DO288-apps]$ oc get pod
NAME                     READY   STATUS    RESTARTS   AGE
sleep-759bf95b86-mnrrg   1/1     Running   0          34s
[student@workstation DO288-apps]$ podman logs sleep-759bf95b86-mnrrg
Error: no container with name or ID "sleep-759bf95b86-mnrrg" found: no such container
[student@workstation DO288-apps]$ oc projects
You have one project on this server: "developer-external-registry".

Using project "developer-external-registry" on server "https://api.ocp4.example.com:6443".
[student@workstation DO288-apps]$ oc logs sleep-759bf95b86-mnrrg
sleeping
sleeping
sleeping
sleeping
sleeping
sleeping
sleeping
sleeping
sleeping
sleeping
sleeping
sleeping
sleeping
sleeping
sleeping
sleeping
sleeping
[student@workstation DO288-apps]$ cd ..
[student@workstation ~]$ ls -l
total 232
drwxr-xr-x.  2 student student     6 Aug 30 11:18 Desktop
drwxr-xr-x.  4 student student    35 Oct  3 20:29 DO288
drwxrwxr-x. 35 student student  4096 Oct  5 19:12 DO288-apps
-rw-rw-r--.  1 student student  1749 Oct  5 18:46 DO288-labsolutions-app-config.zip
-rw-rw-r--.  1 student student  4280 Oct  4 19:03 DO288-labsolutions-build-template.zip
-rw-rw-r--.  1 student student  2297 Oct  4 21:39 DO288-labsolutions-container-build.zip
-rw-rw-r--.  1 student student  1865 Oct  5 19:10 DO288-labsolutions-design-container.zip
-rw-rw-r--.  1 student student  1628 Oct  4 19:16 DO288-lab-solutions-source-build.zip
drwxr-xr-x.  2 student student     6 Aug 30 11:18 Documents
drwxr-xr-x.  2 student student     6 Sep 13 13:33 Downloads
drwxr-xr-x.  2 student student   193 Sep 16 14:49 grading_master
drwxr-xr-x.  2 student student     6 Aug 30 11:18 Music
drwxr-xr-x.  2 student student     6 Aug 30 11:18 Pictures
drwxr-xr-x.  2 student student     6 Aug 30 11:18 Public
drwxr-xr-x.  2 student student     6 Aug 30 11:18 Templates
-rw-r--r--.  1 student student 24078 Oct  5 18:46 terminal-lab-app-config-05oct22.txt
-rw-r--r--.  1 student student 71688 Oct  4 19:04 terminal-lab-build-template-04oct22.txt
-rw-r--r--.  1 student student 35344 Oct  4 21:38 terminal-lab-container-build-04oct22.txt
-rw-r--r--.  1 student student 42059 Oct  5 19:11 terminal-lab-design-container-05oct22.txt
-rw-r--r--.  1 student student 25177 Oct  4 19:17 terminal-lab-source-build-04oct22.txt
drwxr-xr-x.  2 student student     6 Aug 30 11:18 Videos
[student@workstation ~]$ zip -r DO288-labsolutions-external-registry.zip DO288
  adding: DO288/ (stored 0%)
  adding: DO288/labs/ (stored 0%)
  adding: DO288/labs/external-registry/ (stored 0%)
  adding: DO288/labs/external-registry/create-secret.sh (deflated 17%)
  adding: DO288/labs/external-registry/push-image.sh (deflated 17%)
  adding: DO288/labs/external-registry/ubi-sleep/ (stored 0%)
  adding: DO288/labs/external-registry/ubi-sleep/blobs/ (stored 0%)
  adding: DO288/labs/external-registry/ubi-sleep/blobs/sha256/ (stored 0%)
  adding: DO288/labs/external-registry/ubi-sleep/blobs/sha256/787f47dbeaac926cc8c927a48e8a84fc97e05fbd1c08a4c9c4ddcaddfd87e2f7 (deflated 1%)
  adding: DO288/labs/external-registry/ubi-sleep/blobs/sha256/6a5240d60dc4e1ade0d103badb2a897e8103ebf0ebe08350cd582bbc9671cc7a (stored 0%)
  adding: DO288/labs/external-registry/ubi-sleep/blobs/sha256/4f4fb700ef54461cfa02571ae0db9a0dc1e0cdb5577484a6d75e68dc38e8acc1 (deflated 6%)
  adding: DO288/labs/external-registry/ubi-sleep/blobs/sha256/a77dcf3acd08990e4a897e877edc0ec88d15c079b4175f3cdf1004b97b5165b6 (deflated 56%)
  adding: DO288/labs/external-registry/ubi-sleep/blobs/sha256/8397b61921b06602d1f61499c0d33e54ea70c5521fd828f03f49935960d11907 (deflated 51%)
  adding: DO288/labs/external-registry/ubi-sleep/oci-layout (stored 0%)
  adding: DO288/labs/external-registry/ubi-sleep/index.json (deflated 20%)
  adding: DO288/solutions/ (stored 0%)
[student@workstation ~]$ ls -l
total 131240
drwxr-xr-x.  2 student student        6 Aug 30 11:18 Desktop
drwxr-xr-x.  4 student student       35 Oct  3 20:29 DO288
drwxrwxr-x. 35 student student     4096 Oct  5 19:12 DO288-apps
-rw-rw-r--.  1 student student     1749 Oct  5 18:46 DO288-labsolutions-app-config.zip
-rw-rw-r--.  1 student student     4280 Oct  4 19:03 DO288-labsolutions-build-template.zip
-rw-rw-r--.  1 student student     2297 Oct  4 21:39 DO288-labsolutions-container-build.zip
-rw-rw-r--.  1 student student     1865 Oct  5 19:10 DO288-labsolutions-design-container.zip
-rw-rw-r--.  1 student student 70190266 Oct  5 20:36 DO288-labsolutions-external-registry.zip
-rw-rw-r--.  1 student student     1628 Oct  4 19:16 DO288-lab-solutions-source-build.zip
drwxr-xr-x.  2 student student        6 Aug 30 11:18 Documents
drwxr-xr-x.  2 student student        6 Sep 13 13:33 Downloads
drwxr-xr-x.  2 student student      193 Sep 16 14:49 grading_master
drwxr-xr-x.  2 student student        6 Aug 30 11:18 Music
drwxr-xr-x.  2 student student        6 Aug 30 11:18 Pictures
drwxr-xr-x.  2 student student        6 Aug 30 11:18 Public
drwxr-xr-x.  2 student student        6 Aug 30 11:18 Templates
-rw-r--r--.  1 student student    24078 Oct  5 18:46 terminal-lab-app-config-05oct22.txt
-rw-r--r--.  1 student student    71688 Oct  4 19:04 terminal-lab-build-template-04oct22.txt
-rw-r--r--.  1 student student    35344 Oct  4 21:38 terminal-lab-container-build-04oct22.txt
-rw-r--r--.  1 student student    42059 Oct  5 19:11 terminal-lab-design-container-05oct22.txt
-rw-r--r--.  1 student student    25177 Oct  4 19:17 terminal-lab-source-build-04oct22.txt
drwxr-xr-x.  2 student student        6 Aug 30 11:18 Videos
[student@workstation ~]$ 

